Archive member included to satisfy reference by file (symbol)

C:/SiliconLabs/SimplicityStudio/v4/developer/sdks/gecko_sdk_suite/v2.7//platform/bootloader/build/lib/libstorage_efr32xg21_gcc.a(btl_storage_library.o)
                              ./storage-common/btl_storage.o (storage_verifySlot)
C:/SiliconLabs/SimplicityStudio/v4/developer/sdks/gecko_sdk_suite/v2.7//platform/bootloader/build/lib/libstorage_efr32xg21_gcc.a(btl_storage_bootloadinfo.o)
                              C:/SiliconLabs/SimplicityStudio/v4/developer/sdks/gecko_sdk_suite/v2.7//platform/bootloader/build/lib/libstorage_efr32xg21_gcc.a(btl_storage_library.o) (storage_getBootloadList)
C:/SiliconLabs/SimplicityStudio/v4/developer/sdks/gecko_sdk_suite/v2.7//platform/bootloader/build/lib/libbootloader_efr32xg21_gcc.a(btl_internal_flash.o)
                              ./internal_flash/btl_storage_internal_flash.o (flash_erasePage)
C:/SiliconLabs/SimplicityStudio/v4/developer/sdks/gecko_sdk_suite/v2.7//platform/bootloader/build/lib/libbootloader_efr32xg21_gcc.a(btl_bootload.o)
                              C:/SiliconLabs/SimplicityStudio/v4/developer/sdks/gecko_sdk_suite/v2.7//platform/bootloader/build/lib/libstorage_efr32xg21_gcc.a(btl_storage_library.o) (bootload_applicationCallback)
C:/SiliconLabs/SimplicityStudio/v4/developer/sdks/gecko_sdk_suite/v2.7//platform/bootloader/build/lib/libbootloader_efr32xg21_gcc.a(btl_parse.o)
                              ./core/btl_main.o (core_initParser)
C:/SiliconLabs/SimplicityStudio/v4/developer/sdks/gecko_sdk_suite/v2.7//platform/bootloader/build/lib/libbootloader_efr32xg21_gcc.a(btl_reset.o)
                              ./core/btl_main.o (reset_setResetReason)
C:/SiliconLabs/SimplicityStudio/v4/developer/sdks/gecko_sdk_suite/v2.7//platform/bootloader/build/lib/libparser_efr32xg21_gcc.a(btl_ebl_parser.o)
                              C:/SiliconLabs/SimplicityStudio/v4/developer/sdks/gecko_sdk_suite/v2.7//platform/bootloader/build/lib/libstorage_efr32xg21_gcc.a(btl_storage_library.o) (parser_init)
c:/siliconlabs/simplicitystudio/v4/developer/toolchains/gnu_arm/7.2_2017q4/bin/../lib/gcc/arm-none-eabi/7.2.1/thumb/v8-m.main/fpv5-sp/softfp\libgcc.a(_aeabi_ldivmod.o)
                              ./emlib/em_usart.o (__aeabi_ldivmod)
c:/siliconlabs/simplicitystudio/v4/developer/toolchains/gnu_arm/7.2_2017q4/bin/../lib/gcc/arm-none-eabi/7.2.1/thumb/v8-m.main/fpv5-sp/softfp\libgcc.a(_aeabi_uldivmod.o)
                              ./emlib/em_usart.o (__aeabi_uldivmod)
c:/siliconlabs/simplicitystudio/v4/developer/toolchains/gnu_arm/7.2_2017q4/bin/../lib/gcc/arm-none-eabi/7.2.1/thumb/v8-m.main/fpv5-sp/softfp\libgcc.a(_udivmoddi4.o)
                              c:/siliconlabs/simplicitystudio/v4/developer/toolchains/gnu_arm/7.2_2017q4/bin/../lib/gcc/arm-none-eabi/7.2.1/thumb/v8-m.main/fpv5-sp/softfp\libgcc.a(_aeabi_ldivmod.o) (__udivmoddi4)
c:/siliconlabs/simplicitystudio/v4/developer/toolchains/gnu_arm/7.2_2017q4/bin/../lib/gcc/arm-none-eabi/7.2.1/thumb/v8-m.main/fpv5-sp/softfp\libgcc.a(_dvmd_tls.o)
                              c:/siliconlabs/simplicitystudio/v4/developer/toolchains/gnu_arm/7.2_2017q4/bin/../lib/gcc/arm-none-eabi/7.2.1/thumb/v8-m.main/fpv5-sp/softfp\libgcc.a(_aeabi_ldivmod.o) (__aeabi_ldiv0)
c:/siliconlabs/simplicitystudio/v4/developer/toolchains/gnu_arm/7.2_2017q4/bin/../lib/gcc/arm-none-eabi/7.2.1/../../../../arm-none-eabi/lib/thumb/v8-m.main/fpv5-sp/softfp\libc_nano.a(lib_a-exit.o)
                              c:/siliconlabs/simplicitystudio/v4/developer/toolchains/gnu_arm/7.2_2017q4/bin/../lib/gcc/arm-none-eabi/7.2.1/../../../../arm-none-eabi/lib/thumb/v8-m.main/fpv5-sp/softfp/crt0.o (exit)
c:/siliconlabs/simplicitystudio/v4/developer/toolchains/gnu_arm/7.2_2017q4/bin/../lib/gcc/arm-none-eabi/7.2.1/../../../../arm-none-eabi/lib/thumb/v8-m.main/fpv5-sp/softfp\libc_nano.a(lib_a-impure.o)
                              c:/siliconlabs/simplicitystudio/v4/developer/toolchains/gnu_arm/7.2_2017q4/bin/../lib/gcc/arm-none-eabi/7.2.1/../../../../arm-none-eabi/lib/thumb/v8-m.main/fpv5-sp/softfp\libc_nano.a(lib_a-exit.o) (_global_impure_ptr)
c:/siliconlabs/simplicitystudio/v4/developer/toolchains/gnu_arm/7.2_2017q4/bin/../lib/gcc/arm-none-eabi/7.2.1/../../../../arm-none-eabi/lib/thumb/v8-m.main/fpv5-sp/softfp\libc_nano.a(lib_a-init.o)
                              c:/siliconlabs/simplicitystudio/v4/developer/toolchains/gnu_arm/7.2_2017q4/bin/../lib/gcc/arm-none-eabi/7.2.1/../../../../arm-none-eabi/lib/thumb/v8-m.main/fpv5-sp/softfp/crt0.o (__libc_init_array)
c:/siliconlabs/simplicitystudio/v4/developer/toolchains/gnu_arm/7.2_2017q4/bin/../lib/gcc/arm-none-eabi/7.2.1/../../../../arm-none-eabi/lib/thumb/v8-m.main/fpv5-sp/softfp\libc_nano.a(lib_a-memcmp.o)
                              C:/SiliconLabs/SimplicityStudio/v4/developer/sdks/gecko_sdk_suite/v2.7//platform/bootloader/build/lib/libparser_efr32xg21_gcc.a(btl_ebl_parser.o) (memcmp)
[...]
Memory Configuration

Name             Origin             Length             Attributes
FLASH            0x00000000         0x00004000         xr
RAM              0x20000000         0x00008000         xrw
*default*        0x00000000         0xffffffff

Linker script and memory map

LOAD c:/siliconlabs/simplicitystudio/v4/developer/toolchains/gnu_arm/7.2_2017q4/bin/../lib/gcc/arm-none-eabi/7.2.1/thumb/v8-m.main/fpv5-sp/softfp/crti.o
LOAD c:/siliconlabs/simplicitystudio/v4/developer/toolchains/gnu_arm/7.2_2017q4/bin/../lib/gcc/arm-none-eabi/7.2.1/thumb/v8-m.main/fpv5-sp/softfp/crtbegin.o
LOAD c:/siliconlabs/simplicitystudio/v4/developer/toolchains/gnu_arm/7.2_2017q4/bin/../lib/gcc/arm-none-eabi/7.2.1/../../../../arm-none-eabi/lib/thumb/v8-m.main/fpv5-sp/softfp/crt0.o
START GROUP
LOAD ./CMSIS/system_efr32mg21.o
LOAD ./bootloader-callback-stubs.o
LOAD ./bootloader-callbacks.o
LOAD ./core/EFR32/gcc/main_btl_startup.o
LOAD ./core/btl_core.o
LOAD ./core/btl_driver_util.o
LOAD ./core/btl_main.o
LOAD ./crc/btl_crc16.o
LOAD ./crc/btl_crc32.o
LOAD ./crypto/btl_security_aes.o
LOAD ./crypto/btl_security_ecdsa.o
LOAD ./crypto/btl_security_sha256.o
LOAD ./crypto/ecc.o
LOAD ./emlib/em_assert.o
LOAD ./emlib/em_cmu.o
LOAD ./emlib/em_core.o
LOAD ./emlib/em_crypto.o
LOAD ./emlib/em_emu.o
LOAD ./emlib/em_eusart.o
LOAD ./emlib/em_gpio.o
LOAD ./emlib/em_msc.o
LOAD ./emlib/em_rmu.o
LOAD ./emlib/em_se.o
LOAD ./emlib/em_system.o
LOAD ./emlib/em_timer.o
LOAD ./emlib/em_usart.o
LOAD ./emlib/em_wdog.o
LOAD ./internal_flash/btl_storage_internal_flash.o
LOAD ./mbedtls/crypto_aes.o
LOAD ./mbedtls/crypto_management.o
LOAD ./mbedtls/crypto_sha.o
LOAD ./mbedtls/cryptoacc_aes.o
LOAD ./mbedtls/cryptoacc_management.o
LOAD ./mbedtls/cryptoacc_sha.o
LOAD ./mbedtls/se_aes.o
LOAD ./mbedtls/se_management.o
LOAD ./mbedtls/se_sha.o
LOAD ./mbedtls/shax.o
LOAD ./parser/btl_gbl_custom_tags.o
LOAD ./parser/btl_image_parser.o
LOAD ./storage-common/btl_storage.o
LOAD ./token-management/btl_security_tokens.o
LOAD C:/SiliconLabs/SimplicityStudio/v4/developer/sdks/gecko_sdk_suite/v2.7//platform/bootloader/build/lib/libstorage_efr32xg21_gcc.a
LOAD C:/SiliconLabs/SimplicityStudio/v4/developer/sdks/gecko_sdk_suite/v2.7//platform/bootloader/build/lib/libbootloader_efr32xg21_gcc.a
LOAD C:/SiliconLabs/SimplicityStudio/v4/developer/sdks/gecko_sdk_suite/v2.7//platform/bootloader/build/lib/libparser_efr32xg21_gcc.a
LOAD c:/siliconlabs/simplicitystudio/v4/developer/toolchains/gnu_arm/7.2_2017q4/bin/../lib/gcc/arm-none-eabi/7.2.1/../../../../arm-none-eabi/lib/thumb/v8-m.main/fpv5-sp/softfp\libnosys.a
END GROUP
START GROUP
LOAD c:/siliconlabs/simplicitystudio/v4/developer/toolchains/gnu_arm/7.2_2017q4/bin/../lib/gcc/arm-none-eabi/7.2.1/thumb/v8-m.main/fpv5-sp/softfp\libgcc.a
LOAD c:/siliconlabs/simplicitystudio/v4/developer/toolchains/gnu_arm/7.2_2017q4/bin/../lib/gcc/arm-none-eabi/7.2.1/../../../../arm-none-eabi/lib/thumb/v8-m.main/fpv5-sp/softfp\libc_nano.a
LOAD c:/siliconlabs/simplicitystudio/v4/developer/toolchains/gnu_arm/7.2_2017q4/bin/../lib/gcc/arm-none-eabi/7.2.1/../../../../arm-none-eabi/lib/thumb/v8-m.main/fpv5-sp/softfp\libnosys.a
END GROUP
START GROUP
LOAD c:/siliconlabs/simplicitystudio/v4/developer/toolchains/gnu_arm/7.2_2017q4/bin/../lib/gcc/arm-none-eabi/7.2.1/thumb/v8-m.main/fpv5-sp/softfp\libgcc.a
LOAD c:/siliconlabs/simplicitystudio/v4/developer/toolchains/gnu_arm/7.2_2017q4/bin/../lib/gcc/arm-none-eabi/7.2.1/../../../../arm-none-eabi/lib/thumb/v8-m.main/fpv5-sp/softfp\libg_nano.a
LOAD c:/siliconlabs/simplicitystudio/v4/developer/toolchains/gnu_arm/7.2_2017q4/bin/../lib/gcc/arm-none-eabi/7.2.1/../../../../arm-none-eabi/lib/thumb/v8-m.main/fpv5-sp/softfp\libc_nano.a
END GROUP
START GROUP
LOAD c:/siliconlabs/simplicitystudio/v4/developer/toolchains/gnu_arm/7.2_2017q4/bin/../lib/gcc/arm-none-eabi/7.2.1/thumb/v8-m.main/fpv5-sp/softfp\libgcc.a
LOAD c:/siliconlabs/simplicitystudio/v4/developer/toolchains/gnu_arm/7.2_2017q4/bin/../lib/gcc/arm-none-eabi/7.2.1/../../../../arm-none-eabi/lib/thumb/v8-m.main/fpv5-sp/softfp\libc_nano.a
END GROUP
LOAD c:/siliconlabs/simplicitystudio/v4/developer/toolchains/gnu_arm/7.2_2017q4/bin/../lib/gcc/arm-none-eabi/7.2.1/thumb/v8-m.main/fpv5-sp/softfp/crtend.o
LOAD c:/siliconlabs/simplicitystudio/v4/developer/toolchains/gnu_arm/7.2_2017q4/bin/../lib/gcc/arm-none-eabi/7.2.1/thumb/v8-m.main/fpv5-sp/softfp/crtn.o

.text           0x00000000     0x26ec
 *(.vectors)
 .vectors       0x00000000       0x40 ./core/EFR32/gcc/main_btl_startup.o
                0x00000000                __Vectors
                0x00000040                __Vectors_End = .
                0x00000040                __Vectors_Size = (__Vectors_End - __Vectors)
                0x00000040                __end__ = .
 *(.text*)
 .text          0x00000040       0x40 c:/siliconlabs/simplicitystudio/v4/developer/toolchains/gnu_arm/7.2_2017q4/bin/../lib/gcc/arm-none-eabi/7.2.1/thumb/v8-m.main/fpv5-sp/softfp/crtbegin.o
 .text.SystemInit
                0x00000080       0x1c ./CMSIS/system_efr32mg21.o
                0x00000080                SystemInit
 .text.Default_Handler
                0x0000009c        0x2 ./core/EFR32/gcc/main_btl_startup.o
                0x0000009c                DebugMon_Handler
                0x0000009c                SysTick_Handler
                0x0000009c                PendSV_Handler
                0x0000009c                NMI_Handler
                0x0000009c                UsageFault_Handler
                0x0000009c                Default_Handler
                0x0000009c                MemManage_Handler
                0x0000009c                SVC_Handler
                0x0000009c                BusFault_Handler
 *fill*         0x0000009e        0x2 
 .text.Reset_Handler
                0x000000a0       0x48 ./core/EFR32/gcc/main_btl_startup.o
                0x000000a0                Reset_Handler
 .text.btl_init
                0x000000e8        0x4 ./core/btl_core.o
                0x000000e8                btl_init
 .text.btl_deinit
                0x000000ec        0x4 ./core/btl_core.o
                0x000000ec                btl_deinit
 .text.HardFault_Handler
                0x000000f0        0x8 ./core/btl_main.o
                0x000000f0                HardFault_Handler
 .text.startup.main
                0x000000f8       0xe0 ./core/btl_main.o
                0x000000f8                main
 .text.SystemInit2
                0x000001d8       0x74 ./core/btl_main.o
                0x000001d8                SystemInit2
 .text.bootloader_enforceSecureBoot
                0x0000024c        0x4 ./core/btl_main.o
                0x0000024c                bootloader_enforceSecureBoot
 .text.btl_crc32Stream
                0x00000250       0x28 ./crc/btl_crc32.o
                0x00000250                btl_crc32Stream
 .text.btl_initAesCcm
                0x00000278       0x44 ./crypto/btl_security_aes.o
                0x00000278                btl_initAesCcm
 .text.btl_processAesCtrData
                0x000002bc       0x22 ./crypto/btl_security_aes.o
                0x000002bc                btl_processAesCtrData
 *fill*         0x000002de        0x2 
 .text.btl_verifyEcdsaP256r1
                0x000002e0       0xe8 ./crypto/btl_security_ecdsa.o
                0x000002e0                btl_verifyEcdsaP256r1
 .text.btl_initSha256
                0x000003c8       0x14 ./crypto/btl_security_sha256.o
                0x000003c8                btl_initSha256
 .text.btl_updateSha256
                0x000003dc        0x4 ./crypto/btl_security_sha256.o
                0x000003dc                btl_updateSha256
 .text.btl_finalizeSha256
                0x000003e0        0x6 ./crypto/btl_security_sha256.o
                0x000003e0                btl_finalizeSha256
 *fill*         0x000003e6        0x2 
 .text.mscStatusWait
                0x000003e8       0x48 ./emlib/em_msc.o
                0x000003e8                mscStatusWait
 .text.writeBurst
                0x00000430       0x54 ./emlib/em_msc.o
                0x00000430                writeBurst
 .text.MSC_ErasePage
                0x00000484       0x44 ./emlib/em_msc.o
                0x00000484                MSC_ErasePage
 .text.MSC_WriteWord
                0x000004c8       0x6c ./emlib/em_msc.o
                0x000004c8                MSC_WriteWord
 .text.SE_readCommandResponse
                0x00000534       0x12 ./emlib/em_se.o
 .text.SE_addDataInput
                0x00000546       0x14 ./emlib/em_se.o
                0x00000546                SE_addDataInput
 .text.SE_addDataOutput
                0x0000055a       0x14 ./emlib/em_se.o
                0x0000055a                SE_addDataOutput
 .text.SE_addParameter
                0x0000056e       0x12 ./emlib/em_se.o
                0x0000056e                SE_addParameter
 .text.SE_executeCommand
                0x00000580       0x3c ./emlib/em_se.o
                0x00000580                SE_executeCommand
 .text.SE_readPubkey
                0x000005bc       0x4c ./emlib/em_se.o
                0x000005bc                SE_readPubkey
 .text.SYSTEM_ChipRevisionGet
                0x00000608       0x1c ./emlib/em_system.o
                0x00000608                SYSTEM_ChipRevisionGet
 .text.getDeviceInfo
                0x00000624        0x8 ./internal_flash/btl_storage_internal_flash.o
                0x00000624                getDeviceInfo
 .text.storage_init
                0x0000062c        0x4 ./internal_flash/btl_storage_internal_flash.o
                0x0000062c                storage_init
 .text.storage_isBusy
                0x00000630       0x10 ./internal_flash/btl_storage_internal_flash.o
                0x00000630                storage_isBusy
 .text.storage_readRaw
                0x00000640       0x1e ./internal_flash/btl_storage_internal_flash.o
                0x00000640                storage_readRaw
 .text.storage_writeRaw
                0x0000065e       0x32 ./internal_flash/btl_storage_internal_flash.o
                0x0000065e                storage_writeRaw
 .text.storage_eraseRaw
                0x00000690       0x3c ./internal_flash/btl_storage_internal_flash.o
                0x00000690                storage_eraseRaw
 .text.storage_shutdown
                0x000006cc        0x4 ./internal_flash/btl_storage_internal_flash.o
                0x000006cc                storage_shutdown
 .text.SE_readCommandResponse
                0x000006d0       0x12 ./mbedtls/se_aes.o
 .text.mbedtls_aes_init
                0x000006e2        0xc ./mbedtls/se_aes.o
                0x000006e2                mbedtls_aes_init
 .text.mbedtls_aes_setkey_enc
                0x000006ee       0x40 ./mbedtls/se_aes.o
                0x000006ee                mbedtls_aes_setkey_enc
 *fill*         0x0000072e        0x2 
 .text.mbedtls_aes_crypt_ecb
                0x00000730       0xc8 ./mbedtls/se_aes.o
                0x00000730                mbedtls_aes_crypt_ecb
 .text.mbedtls_aes_crypt_ctr
                0x000007f8      0x19c ./mbedtls/se_aes.o
                0x000007f8                mbedtls_aes_crypt_ctr
 .text.se_management_acquire
                0x00000994        0x4 ./mbedtls/se_management.o
                0x00000994                se_management_acquire
 .text.se_management_release
                0x00000998        0x4 ./mbedtls/se_management.o
                0x00000998                se_management_release
 .text.sha_x_process
                0x0000099c       0xf0 ./mbedtls/se_sha.o
                0x0000099c                sha_x_process
 .text.sha_x_update
                0x00000a8c       0xcc ./mbedtls/shax.o
                0x00000a8c                sha_x_update
 .text.sha_x_finish
                0x00000b58       0xac ./mbedtls/shax.o
                0x00000b58                sha_x_finish
 .text.mbedtls_sha256_init
                0x00000c04        0xc ./mbedtls/shax.o
                0x00000c04                mbedtls_sha256_init
 .text.mbedtls_sha256_update_ret
                0x00000c10       0x24 ./mbedtls/shax.o
                0x00000c10                mbedtls_sha256_update_ret
 .text.mbedtls_sha256_finish_ret
                0x00000c34       0x24 ./mbedtls/shax.o
                0x00000c34                mbedtls_sha256_finish_ret
 .text.mbedtls_sha256_starts
                0x00000c58       0x14 ./mbedtls/shax.o
                0x00000c58                mbedtls_sha256_starts
 .text.mbedtls_sha256_update
                0x00000c6c        0x4 ./mbedtls/shax.o
                0x00000c6c                mbedtls_sha256_update
 .text.mbedtls_sha256_finish
                0x00000c70        0x4 ./mbedtls/shax.o
                0x00000c70                mbedtls_sha256_finish
 .text.gbl_isCustomTag
                0x00000c74        0x4 ./parser/btl_gbl_custom_tags.o
                0x00000c74                gbl_isCustomTag
 .text.gbl_getCustomTagProperties
                0x00000c78        0x4 ./parser/btl_gbl_custom_tags.o
                0x00000c78                gbl_getCustomTagProperties
 .text.parser_requireAuthenticity
                0x00000c7c        0x4 ./parser/btl_image_parser.o
                0x00000c7c                parser_requireAuthenticity
 .text.parser_requireConfidentiality
                0x00000c80        0x4 ./parser/btl_image_parser.o
                0x00000c80                parser_requireConfidentiality
 .text.parser_requireCertificateAuthenticity
                0x00000c84        0x4 ./parser/btl_image_parser.o
                0x00000c84                parser_requireCertificateAuthenticity
 .text.parser_requireCertificateSignedImage
                0x00000c88        0x4 ./parser/btl_image_parser.o
                0x00000c88                parser_requireCertificateSignedImage
 .text.parser_getApplicationAddress
                0x00000c8c        0x8 ./parser/btl_image_parser.o
                0x00000c8c                parser_getApplicationAddress
 .text.parser_getMainBootloaderTable
                0x00000c94        0x6 ./parser/btl_image_parser.o
                0x00000c94                parser_getMainBootloaderTable
 .text.parser_getBootloaderUpgradeAddress
                0x00000c9a        0x6 ./parser/btl_image_parser.o
                0x00000c9a                parser_getBootloaderUpgradeAddress
 .text.parser_applicationUpgradeValidCallback
                0x00000ca0        0x4 ./parser/btl_image_parser.o
                0x00000ca0                parser_applicationUpgradeValidCallback
 .text.installImageFromSlot.constprop.0
                0x00000ca4       0xac ./storage-common/btl_storage.o
 .text.storage_getBaseAddress
                0x00000d50        0x6 ./storage-common/btl_storage.o
                0x00000d50                storage_getBaseAddress
 .text.storage_main
                0x00000d56        0x4 ./storage-common/btl_storage.o
                0x00000d56                storage_main
 *fill*         0x00000d5a        0x2 
 .text.btl_getSignedBootloaderKeyXPtr
                0x00000d5c       0x28 ./token-management/btl_security_tokens.o
                0x00000d5c                btl_getSignedBootloaderKeyXPtr
 .text.btl_getSignedBootloaderKeyYPtr
                0x00000d84       0x28 ./token-management/btl_security_tokens.o
                0x00000d84                btl_getSignedBootloaderKeyYPtr
 .text.btl_getImageFileEncryptionKeyPtr
                0x00000dac        0x8 ./token-management/btl_security_tokens.o
                0x00000dac                btl_getImageFileEncryptionKeyPtr
 .text.storage_getSlotInfo
                0x00000db4       0x30 C:/SiliconLabs/SimplicityStudio/v4/developer/sdks/gecko_sdk_suite/v2.7//platform/bootloader/build/lib/libstorage_efr32xg21_gcc.a(btl_storage_library.o)
                0x00000db4                storage_getSlotInfo
 .text.dummyCallback
                0x00000de4        0x6 C:/SiliconLabs/SimplicityStudio/v4/developer/sdks/gecko_sdk_suite/v2.7//platform/bootloader/build/lib/libstorage_efr32xg21_gcc.a(btl_storage_library.o)
 *fill*         0x00000dea        0x2 
 .text.storage_readSlot
                0x00000dec       0x3c C:/SiliconLabs/SimplicityStudio/v4/developer/sdks/gecko_sdk_suite/v2.7//platform/bootloader/build/lib/libstorage_efr32xg21_gcc.a(btl_storage_library.o)
                0x00000dec                storage_readSlot
 .text.advanceParser
                0x00000e28       0x3a C:/SiliconLabs/SimplicityStudio/v4/developer/sdks/gecko_sdk_suite/v2.7//platform/bootloader/build/lib/libstorage_efr32xg21_gcc.a(btl_storage_library.o)
 .text.storage_verifySlot
                0x00000e62       0x60 C:/SiliconLabs/SimplicityStudio/v4/developer/sdks/gecko_sdk_suite/v2.7//platform/bootloader/build/lib/libstorage_efr32xg21_gcc.a(btl_storage_library.o)
                0x00000e62                storage_verifySlot
 *fill*         0x00000ec2        0x2 
 .text.storage_getSlotMetadata
                0x00000ec4       0x90 C:/SiliconLabs/SimplicityStudio/v4/developer/sdks/gecko_sdk_suite/v2.7//platform/bootloader/build/lib/libstorage_efr32xg21_gcc.a(btl_storage_library.o)
                0x00000ec4                storage_getSlotMetadata
 .text.storage_writeSlot
                0x00000f54       0x3c C:/SiliconLabs/SimplicityStudio/v4/developer/sdks/gecko_sdk_suite/v2.7//platform/bootloader/build/lib/libstorage_efr32xg21_gcc.a(btl_storage_library.o)
                0x00000f54                storage_writeSlot
 .text.storage_eraseSlot
                0x00000f90       0x24 C:/SiliconLabs/SimplicityStudio/v4/developer/sdks/gecko_sdk_suite/v2.7//platform/bootloader/build/lib/libstorage_efr32xg21_gcc.a(btl_storage_library.o)
                0x00000f90                storage_eraseSlot
 .text.storage_getInfo
                0x00000fb4       0x28 C:/SiliconLabs/SimplicityStudio/v4/developer/sdks/gecko_sdk_suite/v2.7//platform/bootloader/build/lib/libstorage_efr32xg21_gcc.a(btl_storage_library.o)
                0x00000fb4                storage_getInfo
 .text.storage_initParseSlot
                0x00000fdc       0x28 C:/SiliconLabs/SimplicityStudio/v4/developer/sdks/gecko_sdk_suite/v2.7//platform/bootloader/build/lib/libstorage_efr32xg21_gcc.a(btl_storage_library.o)
                0x00000fdc                storage_initParseSlot
 .text.bootloadFromSlot.constprop.5
                0x00001004       0x3a C:/SiliconLabs/SimplicityStudio/v4/developer/sdks/gecko_sdk_suite/v2.7//platform/bootloader/build/lib/libstorage_efr32xg21_gcc.a(btl_storage_library.o)
 *fill*         0x0000103e        0x2 
 .text.storage_upgradeSeFromSlot
                0x00001040       0x3c C:/SiliconLabs/SimplicityStudio/v4/developer/sdks/gecko_sdk_suite/v2.7//platform/bootloader/build/lib/libstorage_efr32xg21_gcc.a(btl_storage_library.o)
                0x00001040                storage_upgradeSeFromSlot
 .text.storage_bootloadBootloaderFromSlot
                0x0000107c       0x4c C:/SiliconLabs/SimplicityStudio/v4/developer/sdks/gecko_sdk_suite/v2.7//platform/bootloader/build/lib/libstorage_efr32xg21_gcc.a(btl_storage_library.o)
                0x0000107c                storage_bootloadBootloaderFromSlot
 .text.storage_bootloadApplicationFromSlot
                0x000010c8       0x3c C:/SiliconLabs/SimplicityStudio/v4/developer/sdks/gecko_sdk_suite/v2.7//platform/bootloader/build/lib/libstorage_efr32xg21_gcc.a(btl_storage_library.o)
                0x000010c8                storage_bootloadApplicationFromSlot
 .text.storage_getBootloadList
                0x00001104      0x134 C:/SiliconLabs/SimplicityStudio/v4/developer/sdks/gecko_sdk_suite/v2.7//platform/bootloader/build/lib/libstorage_efr32xg21_gcc.a(btl_storage_bootloadinfo.o)
                0x00001104                storage_getBootloadList
 .text.storage_setBootloadList
                0x00001238       0xd8 C:/SiliconLabs/SimplicityStudio/v4/developer/sdks/gecko_sdk_suite/v2.7//platform/bootloader/build/lib/libstorage_efr32xg21_gcc.a(btl_storage_bootloadinfo.o)
                0x00001238                storage_setBootloadList
 .text.storage_appendBootloadList
                0x00001310       0x66 C:/SiliconLabs/SimplicityStudio/v4/developer/sdks/gecko_sdk_suite/v2.7//platform/bootloader/build/lib/libstorage_efr32xg21_gcc.a(btl_storage_bootloadinfo.o)
                0x00001310                storage_appendBootloadList
 .text.flash_erasePage
                0x00001376        0xe C:/SiliconLabs/SimplicityStudio/v4/developer/sdks/gecko_sdk_suite/v2.7//platform/bootloader/build/lib/libbootloader_efr32xg21_gcc.a(btl_internal_flash.o)
                0x00001376                flash_erasePage
 .text.flash_writeBuffer
                0x00001384       0x20 C:/SiliconLabs/SimplicityStudio/v4/developer/sdks/gecko_sdk_suite/v2.7//platform/bootloader/build/lib/libbootloader_efr32xg21_gcc.a(btl_internal_flash.o)
                0x00001384                flash_writeBuffer
 .text.SE_readCommandResponse
                0x000013a4       0x12 C:/SiliconLabs/SimplicityStudio/v4/developer/sdks/gecko_sdk_suite/v2.7//platform/bootloader/build/lib/libbootloader_efr32xg21_gcc.a(btl_bootload.o)
 *fill*         0x000013b6        0x2 
 .text.checkApplicationPropertiesMagic
                0x000013b8       0x44 C:/SiliconLabs/SimplicityStudio/v4/developer/sdks/gecko_sdk_suite/v2.7//platform/bootloader/build/lib/libbootloader_efr32xg21_gcc.a(btl_bootload.o)
 .text.flashData
                0x000013fc       0x42 C:/SiliconLabs/SimplicityStudio/v4/developer/sdks/gecko_sdk_suite/v2.7//platform/bootloader/build/lib/libbootloader_efr32xg21_gcc.a(btl_bootload.o)
 .text.getSignatureX
                0x0000143e       0x28 C:/SiliconLabs/SimplicityStudio/v4/developer/sdks/gecko_sdk_suite/v2.7//platform/bootloader/build/lib/libbootloader_efr32xg21_gcc.a(btl_bootload.o)
 .text.bootload_verifySecureBoot
                0x00001466      0x132 C:/SiliconLabs/SimplicityStudio/v4/developer/sdks/gecko_sdk_suite/v2.7//platform/bootloader/build/lib/libbootloader_efr32xg21_gcc.a(btl_bootload.o)
 .text.bootload_applicationCallback
                0x00001598       0x2a C:/SiliconLabs/SimplicityStudio/v4/developer/sdks/gecko_sdk_suite/v2.7//platform/bootloader/build/lib/libbootloader_efr32xg21_gcc.a(btl_bootload.o)
                0x00001598                bootload_applicationCallback
 .text.bootload_bootloaderCallback
                0x000015c2       0x42 C:/SiliconLabs/SimplicityStudio/v4/developer/sdks/gecko_sdk_suite/v2.7//platform/bootloader/build/lib/libbootloader_efr32xg21_gcc.a(btl_bootload.o)
                0x000015c2                bootload_bootloaderCallback
 .text.bootload_verifyApplication
                0x00001604       0x8c C:/SiliconLabs/SimplicityStudio/v4/developer/sdks/gecko_sdk_suite/v2.7//platform/bootloader/build/lib/libbootloader_efr32xg21_gcc.a(btl_bootload.o)
                0x00001604                bootload_verifyApplication
 .text.bootload_commitBootloaderUpgrade
                0x00001690       0x8c C:/SiliconLabs/SimplicityStudio/v4/developer/sdks/gecko_sdk_suite/v2.7//platform/bootloader/build/lib/libbootloader_efr32xg21_gcc.a(btl_bootload.o)
                0x00001690                bootload_commitBootloaderUpgrade
 .text.bootload_checkSeUpgradeVersion
                0x0000171c       0x54 C:/SiliconLabs/SimplicityStudio/v4/developer/sdks/gecko_sdk_suite/v2.7//platform/bootloader/build/lib/libbootloader_efr32xg21_gcc.a(btl_bootload.o)
                0x0000171c                bootload_checkSeUpgradeVersion
 .text.bootload_commitSeUpgrade
                0x00001770       0x68 C:/SiliconLabs/SimplicityStudio/v4/developer/sdks/gecko_sdk_suite/v2.7//platform/bootloader/build/lib/libbootloader_efr32xg21_gcc.a(btl_bootload.o)
                0x00001770                bootload_commitSeUpgrade
 .text.core_initParser
                0x000017d8       0x32 C:/SiliconLabs/SimplicityStudio/v4/developer/sdks/gecko_sdk_suite/v2.7//platform/bootloader/build/lib/libbootloader_efr32xg21_gcc.a(btl_parse.o)
                0x000017d8                core_initParser
 .text.core_parseBuffer
                0x0000180a       0x3a C:/SiliconLabs/SimplicityStudio/v4/developer/sdks/gecko_sdk_suite/v2.7//platform/bootloader/build/lib/libbootloader_efr32xg21_gcc.a(btl_parse.o)
                0x0000180a                core_parseBuffer
 .text.reset_setResetReason
                0x00001844        0xe C:/SiliconLabs/SimplicityStudio/v4/developer/sdks/gecko_sdk_suite/v2.7//platform/bootloader/build/lib/libbootloader_efr32xg21_gcc.a(btl_reset.o)
                0x00001844                reset_setResetReason
 .text.reset_invalidateResetReason
                0x00001852        0xc C:/SiliconLabs/SimplicityStudio/v4/developer/sdks/gecko_sdk_suite/v2.7//platform/bootloader/build/lib/libbootloader_efr32xg21_gcc.a(btl_reset.o)
                0x00001852                reset_invalidateResetReason
 *fill*         0x0000185e        0x2 
 .text.reset_resetWithReason
                0x00001860       0x30 C:/SiliconLabs/SimplicityStudio/v4/developer/sdks/gecko_sdk_suite/v2.7//platform/bootloader/build/lib/libbootloader_efr32xg21_gcc.a(btl_reset.o)
                0x00001860                reset_resetWithReason
 .text.reset_classifyReset
                0x00001890       0x2a C:/SiliconLabs/SimplicityStudio/v4/developer/sdks/gecko_sdk_suite/v2.7//platform/bootloader/build/lib/libbootloader_efr32xg21_gcc.a(btl_reset.o)
                0x00001890                reset_classifyReset
 .text.ebl_storeData
                0x000018ba       0x42 C:/SiliconLabs/SimplicityStudio/v4/developer/sdks/gecko_sdk_suite/v2.7//platform/bootloader/build/lib/libparser_efr32xg21_gcc.a(btl_ebl_parser.o)
 .text.ebl_getData
                0x000018fc       0xea C:/SiliconLabs/SimplicityStudio/v4/developer/sdks/gecko_sdk_suite/v2.7//platform/bootloader/build/lib/libparser_efr32xg21_gcc.a(btl_ebl_parser.o)
 *fill*         0x000019e6        0x2 
 .text.ebl_parseHeader
                0x000019e8       0x7c C:/SiliconLabs/SimplicityStudio/v4/developer/sdks/gecko_sdk_suite/v2.7//platform/bootloader/build/lib/libparser_efr32xg21_gcc.a(btl_ebl_parser.o)
 .text.gbl_writeProgData
                0x00001a64       0xa4 C:/SiliconLabs/SimplicityStudio/v4/developer/sdks/gecko_sdk_suite/v2.7//platform/bootloader/build/lib/libparser_efr32xg21_gcc.a(btl_ebl_parser.o)
                0x00001a64                gbl_writeProgData
 .text.parser_init
                0x00001b08       0x8a C:/SiliconLabs/SimplicityStudio/v4/developer/sdks/gecko_sdk_suite/v2.7//platform/bootloader/build/lib/libparser_efr32xg21_gcc.a(btl_ebl_parser.o)
                0x00001b08                parser_init
 *fill*         0x00001b92        0x2 
 .text.parser_parse
                0x00001b94      0x960 C:/SiliconLabs/SimplicityStudio/v4/developer/sdks/gecko_sdk_suite/v2.7//platform/bootloader/build/lib/libparser_efr32xg21_gcc.a(btl_ebl_parser.o)
                0x00001b94                parser_parse
 .text.memcmp   0x000024f4       0x1e c:/siliconlabs/simplicitystudio/v4/developer/toolchains/gnu_arm/7.2_2017q4/bin/../lib/gcc/arm-none-eabi/7.2.1/../../../../arm-none-eabi/lib/thumb/v8-m.main/fpv5-sp/softfp\libc_nano.a(lib_a-memcmp.o)
                0x000024f4                memcmp
 .text.memcpy   0x00002512       0x16 c:/siliconlabs/simplicitystudio/v4/developer/toolchains/gnu_arm/7.2_2017q4/bin/../lib/gcc/arm-none-eabi/7.2.1/../../../../arm-none-eabi/lib/thumb/v8-m.main/fpv5-sp/softfp\libc_nano.a(lib_a-memcpy-stub.o)
                0x00002512                memcpy
 .text.memset   0x00002528       0x10 c:/siliconlabs/simplicitystudio/v4/developer/toolchains/gnu_arm/7.2_2017q4/bin/../lib/gcc/arm-none-eabi/7.2.1/../../../../arm-none-eabi/lib/thumb/v8-m.main/fpv5-sp/softfp\libc_nano.a(lib_a-memset.o)
                0x00002528                memset
 *(.init)
 .init          0x00002538        0x4 c:/siliconlabs/simplicitystudio/v4/developer/toolchains/gnu_arm/7.2_2017q4/bin/../lib/gcc/arm-none-eabi/7.2.1/thumb/v8-m.main/fpv5-sp/softfp/crti.o
                0x00002538                _init
 .init          0x0000253c        0x8 c:/siliconlabs/simplicitystudio/v4/developer/toolchains/gnu_arm/7.2_2017q4/bin/../lib/gcc/arm-none-eabi/7.2.1/thumb/v8-m.main/fpv5-sp/softfp/crtn.o
 *(.fini)
 .fini          0x00002544        0x4 c:/siliconlabs/simplicitystudio/v4/developer/toolchains/gnu_arm/7.2_2017q4/bin/../lib/gcc/arm-none-eabi/7.2.1/thumb/v8-m.main/fpv5-sp/softfp/crti.o
                0x00002544                _fini
 .fini          0x00002548        0x8 c:/siliconlabs/simplicitystudio/v4/developer/toolchains/gnu_arm/7.2_2017q4/bin/../lib/gcc/arm-none-eabi/7.2.1/thumb/v8-m.main/fpv5-sp/softfp/crtn.o
 *crtbegin.o(.ctors)
 *crtbegin?.o(.ctors)
 *(EXCLUDE_FILE(*crtend.o *crtend?.o) .ctors)
 *(SORT_BY_NAME(.ctors.*))
 *(.ctors)
 *crtbegin.o(.dtors)
 *crtbegin?.o(.dtors)
 *(EXCLUDE_FILE(*crtend.o *crtend?.o) .dtors)
 *(SORT_BY_NAME(.dtors.*))
 *(.dtors)
 *(.rodata*)
 .rodata.mainStageTable
                0x00002550       0x34 ./core/btl_main.o
                0x00002550                mainStageTable
 .rodata.sl_app_properties
                0x00002584       0x40 ./core/btl_main.o
                0x00002584                sl_app_properties
 .rodata.deviceInfo
                0x000025c4       0x1c ./internal_flash/btl_storage_internal_flash.o
 .rodata.storageLayout
                0x000025e0       0x10 ./internal_flash/btl_storage_internal_flash.o
                0x000025e0                storageLayout
 .rodata.str1.1
                0x000025f0        0x6 ./internal_flash/btl_storage_internal_flash.o
 .rodata.init_state_sha1
                0x000025f6       0x20 ./mbedtls/shax.o
 .rodata.init_state_sha224
                0x00002616       0x20 ./mbedtls/shax.o
 .rodata.init_state_sha256
                0x00002636       0x20 ./mbedtls/shax.o
 .rodata.shax_padding
                0x00002656       0x40 ./mbedtls/shax.o
 *fill*         0x00002696        0x2 
 .rodata.storageFunctions
                0x00002698       0x40 C:/SiliconLabs/SimplicityStudio/v4/developer/sdks/gecko_sdk_suite/v2.7//platform/bootloader/build/lib/libstorage_efr32xg21_gcc.a(btl_storage_library.o)
                0x00002698                storageFunctions
 .rodata        0x000026d8       0x10 C:/SiliconLabs/SimplicityStudio/v4/developer/sdks/gecko_sdk_suite/v2.7//platform/bootloader/build/lib/libbootloader_efr32xg21_gcc.a(btl_bootload.o)
 *(.eh_frame*)
 .eh_frame      0x000026e8        0x0 c:/siliconlabs/simplicitystudio/v4/developer/toolchains/gnu_arm/7.2_2017q4/bin/../lib/gcc/arm-none-eabi/7.2.1/thumb/v8-m.main/fpv5-sp/softfp/crtbegin.o
 .eh_frame      0x000026e8        0x4 c:/siliconlabs/simplicitystudio/v4/developer/toolchains/gnu_arm/7.2_2017q4/bin/../lib/gcc/arm-none-eabi/7.2.1/thumb/v8-m.main/fpv5-sp/softfp/crtend.o

.glue_7         0x000026ec        0x0
 .glue_7        0x000026ec        0x0 linker stubs

.glue_7t        0x000026ec        0x0
 .glue_7t       0x000026ec        0x0 linker stubs

.vfp11_veneer   0x000026ec        0x0
 .vfp11_veneer  0x000026ec        0x0 linker stubs

.v4_bx          0x000026ec        0x0
 .v4_bx         0x000026ec        0x0 linker stubs

.iplt           0x000026ec        0x0
 .iplt          0x000026ec        0x0 c:/siliconlabs/simplicitystudio/v4/developer/toolchains/gnu_arm/7.2_2017q4/bin/../lib/gcc/arm-none-eabi/7.2.1/thumb/v8-m.main/fpv5-sp/softfp/crtbegin.o

.rel.dyn        0x000026ec        0x0
 .rel.iplt      0x000026ec        0x0 c:/siliconlabs/simplicitystudio/v4/developer/toolchains/gnu_arm/7.2_2017q4/bin/../lib/gcc/arm-none-eabi/7.2.1/thumb/v8-m.main/fpv5-sp/softfp/crtbegin.o

.ARM.extab
 *(.ARM.extab* .gnu.linkonce.armextab.*)
                0x000026ec                __exidx_start = .

.ARM.exidx
 *(.ARM.exidx* .gnu.linkonce.armexidx.*)
                0x000026ec                __exidx_end = .
                0x000026ec                __etext = .

.crashinfo      0x20000000      0x100
                0x20000100                . = (. + 0x100)
 *fill*         0x20000000      0x100 

.data           0x20000100        0x8 load address 0x000026ec
                0x20000100                __data_start__ = .
 *(vtable)
 *(.data*)
                0x20000100                . = ALIGN (0x4)
 *(.ram)
                0x20000100                . = ALIGN (0x4)
                0x20000100                PROVIDE (__preinit_array_start, .)
 *(.preinit_array)
                0x20000100                PROVIDE (__preinit_array_end, .)
                0x20000100                . = ALIGN (0x4)
                0x20000100                PROVIDE (__init_array_start, .)
 *(SORT_BY_NAME(.init_array.*))
 *(.init_array)
 .init_array    0x20000100        0x4 c:/siliconlabs/simplicitystudio/v4/developer/toolchains/gnu_arm/7.2_2017q4/bin/../lib/gcc/arm-none-eabi/7.2.1/thumb/v8-m.main/fpv5-sp/softfp/crtbegin.o
                0x20000104                PROVIDE (__init_array_end, .)
                0x20000104                . = ALIGN (0x4)
                [!provide]                PROVIDE (__fini_array_start, .)
 *(SORT_BY_NAME(.fini_array.*))
 *(.fini_array)
 .fini_array    0x20000104        0x4 c:/siliconlabs/simplicitystudio/v4/developer/toolchains/gnu_arm/7.2_2017q4/bin/../lib/gcc/arm-none-eabi/7.2.1/thumb/v8-m.main/fpv5-sp/softfp/crtbegin.o
                [!provide]                PROVIDE (__fini_array_end, .)
 *(.jcr*)
                0x20000108                . = ALIGN (0x4)
                0x20000108                __data_end__ = .
                0x000026f4                __rom_end__ = (__etext + SIZEOF (.data))

.igot.plt       0x20000108        0x0 load address 0x000026f4
 .igot.plt      0x20000108        0x0 c:/siliconlabs/simplicitystudio/v4/developer/toolchains/gnu_arm/7.2_2017q4/bin/../lib/gcc/arm-none-eabi/7.2.1/thumb/v8-m.main/fpv5-sp/softfp/crtbegin.o

.bss            0x20000108       0x1c load address 0x000026f4
                0x20000108                . = ALIGN (0x4)
                0x20000108                __bss_start__ = .
 *(.bss*)
 .bss           0x20000108       0x1c c:/siliconlabs/simplicitystudio/v4/developer/toolchains/gnu_arm/7.2_2017q4/bin/../lib/gcc/arm-none-eabi/7.2.1/thumb/v8-m.main/fpv5-sp/softfp/crtbegin.o
 *(COMMON)
                0x20000124                . = ALIGN (0x4)
                0x20000124                __bss_end__ = .

.heap           0x20000128      0xc00
                0x20000128                __HeapBase = .
                0x20000128                __end__ = .
                0x20000128                end = __end__
                0x20000128                _end = __end__
 *(.heap*)
 .heap          0x20000128      0xc00 ./core/EFR32/gcc/main_btl_startup.o
                0x20000d28                __HeapLimit = .

.stack_dummy    0x20000d28     0x1000
 *(.stack*)
 .stack         0x20000d28     0x1000 ./core/EFR32/gcc/main_btl_startup.o
                0x20008000                __StackTop = (ORIGIN (RAM) + LENGTH (RAM))
                0x20007000                __StackLimit = (__StackTop - SIZEOF (.stack_dummy))
                0x20008000                PROVIDE (__stack, __StackTop)
                0x00000001                ASSERT ((__StackLimit >= __HeapLimit), region RAM overflowed with stack)
                0x00000001                ASSERT (((LENGTH (FLASH) - 0x4) >= ((__etext + SIZEOF (.data)) - ORIGIN (FLASH))), FLASH memory overflowed !)
OUTPUT(bootloader-storage-internal-single-512k.axf elf32-littlearm)

.ARM.attributes
                0x00000000       0x34
 .ARM.attributes
                0x00000000       0x26 c:/siliconlabs/simplicitystudio/v4/developer/toolchains/gnu_arm/7.2_2017q4/bin/../lib/gcc/arm-none-eabi/7.2.1/thumb/v8-m.main/fpv5-sp/softfp/crti.o
 .ARM.attributes
                0x00000026       0x36 c:/siliconlabs/simplicitystudio/v4/developer/toolchains/gnu_arm/7.2_2017q4/bin/../lib/gcc/arm-none-eabi/7.2.1/thumb/v8-m.main/fpv5-sp/softfp/crtbegin.o
 .ARM.attributes
                0x0000005c       0x3a ./CMSIS/system_efr32mg21.o
 .ARM.attributes
                0x00000096       0x3a ./core/EFR32/gcc/main_btl_startup.o
 .ARM.attributes
                0x000000d0       0x3a ./core/btl_core.o
 .ARM.attributes
                0x0000010a       0x3a ./core/btl_main.o
 .ARM.attributes
                0x00000144       0x3a ./crc/btl_crc32.o
 .ARM.attributes
                0x0000017e       0x3a ./crypto/btl_security_aes.o
 .ARM.attributes
                0x000001b8       0x3a ./crypto/btl_security_ecdsa.o
 .ARM.attributes
                0x000001f2       0x3a ./crypto/btl_security_sha256.o
 .ARM.attributes
                0x0000022c       0x3a ./emlib/em_msc.o
 .ARM.attributes
                0x00000266       0x3a ./emlib/em_se.o
 .ARM.attributes
                0x000002a0       0x3a ./emlib/em_system.o
 .ARM.attributes
                0x000002da       0x3a ./internal_flash/btl_storage_internal_flash.o
 .ARM.attributes
                0x00000314       0x3a ./mbedtls/se_aes.o
 .ARM.attributes
                0x0000034e       0x3a ./mbedtls/se_management.o
 .ARM.attributes
                0x00000388       0x3a ./mbedtls/se_sha.o
 .ARM.attributes
                0x000003c2       0x3a ./mbedtls/shax.o
 .ARM.attributes
                0x000003fc       0x3a ./parser/btl_gbl_custom_tags.o
 .ARM.attributes
                0x00000436       0x3a ./parser/btl_image_parser.o
 .ARM.attributes
                0x00000470       0x3a ./storage-common/btl_storage.o
 .ARM.attributes
                0x000004aa       0x3a ./token-management/btl_security_tokens.o
 .ARM.attributes
                0x000004e4       0x3a C:/SiliconLabs/SimplicityStudio/v4/developer/sdks/gecko_sdk_suite/v2.7//platform/bootloader/build/lib/libstorage_efr32xg21_gcc.a(btl_storage_library.o)
 .ARM.attributes
                0x0000051e       0x3a C:/SiliconLabs/SimplicityStudio/v4/developer/sdks/gecko_sdk_suite/v2.7//platform/bootloader/build/lib/libstorage_efr32xg21_gcc.a(btl_storage_bootloadinfo.o)
 .ARM.attributes
                0x00000558       0x3a C:/SiliconLabs/SimplicityStudio/v4/developer/sdks/gecko_sdk_suite/v2.7//platform/bootloader/build/lib/libbootloader_efr32xg21_gcc.a(btl_internal_flash.o)
 .ARM.attributes
                0x00000592       0x3a C:/SiliconLabs/SimplicityStudio/v4/developer/sdks/gecko_sdk_suite/v2.7//platform/bootloader/build/lib/libbootloader_efr32xg21_gcc.a(btl_bootload.o)
 .ARM.attributes
                0x000005cc       0x3a C:/SiliconLabs/SimplicityStudio/v4/developer/sdks/gecko_sdk_suite/v2.7//platform/bootloader/build/lib/libbootloader_efr32xg21_gcc.a(btl_parse.o)
 .ARM.attributes
                0x00000606       0x3a C:/SiliconLabs/SimplicityStudio/v4/developer/sdks/gecko_sdk_suite/v2.7//platform/bootloader/build/lib/libbootloader_efr32xg21_gcc.a(btl_reset.o)
 .ARM.attributes
                0x00000640       0x3a C:/SiliconLabs/SimplicityStudio/v4/developer/sdks/gecko_sdk_suite/v2.7//platform/bootloader/build/lib/libparser_efr32xg21_gcc.a(btl_ebl_parser.o)
 .ARM.attributes
                0x0000067a       0x36 c:/siliconlabs/simplicitystudio/v4/developer/toolchains/gnu_arm/7.2_2017q4/bin/../lib/gcc/arm-none-eabi/7.2.1/../../../../arm-none-eabi/lib/thumb/v8-m.main/fpv5-sp/softfp\libc_nano.a(lib_a-memcmp.o)
 .ARM.attributes
                0x000006b0       0x36 c:/siliconlabs/simplicitystudio/v4/developer/toolchains/gnu_arm/7.2_2017q4/bin/../lib/gcc/arm-none-eabi/7.2.1/../../../../arm-none-eabi/lib/thumb/v8-m.main/fpv5-sp/softfp\libc_nano.a(lib_a-memcpy-stub.o)
 .ARM.attributes
                0x000006e6       0x36 c:/siliconlabs/simplicitystudio/v4/developer/toolchains/gnu_arm/7.2_2017q4/bin/../lib/gcc/arm-none-eabi/7.2.1/../../../../arm-none-eabi/lib/thumb/v8-m.main/fpv5-sp/softfp\libc_nano.a(lib_a-memset.o)
 .ARM.attributes
                0x0000071c       0x36 c:/siliconlabs/simplicitystudio/v4/developer/toolchains/gnu_arm/7.2_2017q4/bin/../lib/gcc/arm-none-eabi/7.2.1/thumb/v8-m.main/fpv5-sp/softfp/crtend.o
 .ARM.attributes
                0x00000752       0x26 c:/siliconlabs/simplicitystudio/v4/developer/toolchains/gnu_arm/7.2_2017q4/bin/../lib/gcc/arm-none-eabi/7.2.1/thumb/v8-m.main/fpv5-sp/softfp/crtn.o

.comment        0x00000000       0x7e
 .comment       0x00000000       0x7e ./CMSIS/system_efr32mg21.o
                                 0x7f (size before relaxing)
 .comment       0x0000007e       0x7f ./core/EFR32/gcc/main_btl_startup.o
 .comment       0x0000007e       0x7f ./core/btl_core.o
 .comment       0x0000007e       0x7f ./core/btl_main.o
 .comment       0x0000007e       0x7f ./crc/btl_crc32.o
 .comment       0x0000007e       0x7f ./crypto/btl_security_aes.o
 .comment       0x0000007e       0x7f ./crypto/btl_security_ecdsa.o
 .comment       0x0000007e       0x7f ./crypto/btl_security_sha256.o
 .comment       0x0000007e       0x7f ./emlib/em_msc.o
 .comment       0x0000007e       0x7f ./emlib/em_se.o
 .comment       0x0000007e       0x7f ./emlib/em_system.o
 .comment       0x0000007e       0x7f ./internal_flash/btl_storage_internal_flash.o
 .comment       0x0000007e       0x7f ./mbedtls/se_aes.o
 .comment       0x0000007e       0x7f ./mbedtls/se_management.o
 .comment       0x0000007e       0x7f ./mbedtls/se_sha.o
 .comment       0x0000007e       0x7f ./mbedtls/shax.o
 .comment       0x0000007e       0x7f ./parser/btl_gbl_custom_tags.o
 .comment       0x0000007e       0x7f ./parser/btl_image_parser.o
 .comment       0x0000007e       0x7f ./storage-common/btl_storage.o
 .comment       0x0000007e       0x7f ./token-management/btl_security_tokens.o
 .comment       0x0000007e       0x7f C:/SiliconLabs/SimplicityStudio/v4/developer/sdks/gecko_sdk_suite/v2.7//platform/bootloader/build/lib/libstorage_efr32xg21_gcc.a(btl_storage_library.o)
 .comment       0x0000007e       0x7f C:/SiliconLabs/SimplicityStudio/v4/developer/sdks/gecko_sdk_suite/v2.7//platform/bootloader/build/lib/libstorage_efr32xg21_gcc.a(btl_storage_bootloadinfo.o)
 .comment       0x0000007e       0x7f C:/SiliconLabs/SimplicityStudio/v4/developer/sdks/gecko_sdk_suite/v2.7//platform/bootloader/build/lib/libbootloader_efr32xg21_gcc.a(btl_internal_flash.o)
 .comment       0x0000007e       0x7f C:/SiliconLabs/SimplicityStudio/v4/developer/sdks/gecko_sdk_suite/v2.7//platform/bootloader/build/lib/libbootloader_efr32xg21_gcc.a(btl_bootload.o)
 .comment       0x0000007e       0x7f C:/SiliconLabs/SimplicityStudio/v4/developer/sdks/gecko_sdk_suite/v2.7//platform/bootloader/build/lib/libbootloader_efr32xg21_gcc.a(btl_parse.o)
 .comment       0x0000007e       0x7f C:/SiliconLabs/SimplicityStudio/v4/developer/sdks/gecko_sdk_suite/v2.7//platform/bootloader/build/lib/libbootloader_efr32xg21_gcc.a(btl_reset.o)
 .comment       0x0000007e       0x7f C:/SiliconLabs/SimplicityStudio/v4/developer/sdks/gecko_sdk_suite/v2.7//platform/bootloader/build/lib/libparser_efr32xg21_gcc.a(btl_ebl_parser.o)

.debug_info     0x00000000    0x11f3f
 .debug_info    0x00000000     0x137c ./CMSIS/system_efr32mg21.o
 .debug_info    0x0000137c      0xaa3 ./core/EFR32/gcc/main_btl_startup.o
 .debug_info    0x00001e1f      0x1b3 ./core/btl_core.o
 .debug_info    0x00001fd2     0x293e ./core/btl_main.o
 .debug_info    0x00004910      0x4ba ./crc/btl_crc32.o
 .debug_info    0x00004dca      0xe11 ./crypto/btl_security_aes.o
 .debug_info    0x00005bdb      0xe3d ./crypto/btl_security_ecdsa.o
 .debug_info    0x00006a18      0x3f6 ./crypto/btl_security_sha256.o
 .debug_info    0x00006e0e     0x1c79 ./emlib/em_msc.o
 .debug_info    0x00008a87     0x1004 ./emlib/em_se.o
 .debug_info    0x00009a8b      0x816 ./emlib/em_system.o
 .debug_info    0x0000a2a1     0x1523 ./internal_flash/btl_storage_internal_flash.o
 .debug_info    0x0000b7c4     0x17ad ./mbedtls/se_aes.o
 .debug_info    0x0000cf71      0xa4e ./mbedtls/se_management.o
 .debug_info    0x0000d9bf      0xe58 ./mbedtls/se_sha.o
 .debug_info    0x0000e817     0x174e ./mbedtls/shax.o
 .debug_info    0x0000ff65      0x5e9 ./parser/btl_gbl_custom_tags.o
 .debug_info    0x0001054e      0x8d0 ./parser/btl_image_parser.o
 .debug_info    0x00010e1e      0xece ./storage-common/btl_storage.o
 .debug_info    0x00011cec      0x253 ./token-management/btl_security_tokens.o

.debug_abbrev   0x00000000     0x2d8d
 .debug_abbrev  0x00000000      0x29b ./CMSIS/system_efr32mg21.o
 .debug_abbrev  0x0000029b      0x1c8 ./core/EFR32/gcc/main_btl_startup.o
 .debug_abbrev  0x00000463       0xf6 ./core/btl_core.o
 .debug_abbrev  0x00000559      0x3b4 ./core/btl_main.o
 .debug_abbrev  0x0000090d      0x10a ./crc/btl_crc32.o
 .debug_abbrev  0x00000a17      0x263 ./crypto/btl_security_aes.o
 .debug_abbrev  0x00000c7a      0x275 ./crypto/btl_security_ecdsa.o
 .debug_abbrev  0x00000eef      0x1ae ./crypto/btl_security_sha256.o
 .debug_abbrev  0x0000109d      0x31c ./emlib/em_msc.o
 .debug_abbrev  0x000013b9      0x28a ./emlib/em_se.o
 .debug_abbrev  0x00001643      0x192 ./emlib/em_system.o
 .debug_abbrev  0x000017d5      0x315 ./internal_flash/btl_storage_internal_flash.o
 .debug_abbrev  0x00001aea      0x3ca ./mbedtls/se_aes.o
 .debug_abbrev  0x00001eb4      0x1b6 ./mbedtls/se_management.o
 .debug_abbrev  0x0000206a      0x2ae ./mbedtls/se_sha.o
 .debug_abbrev  0x00002318      0x3f8 ./mbedtls/shax.o
 .debug_abbrev  0x00002710      0x15b ./parser/btl_gbl_custom_tags.o
 .debug_abbrev  0x0000286b      0x19f ./parser/btl_image_parser.o
 .debug_abbrev  0x00002a0a      0x245 ./storage-common/btl_storage.o
 .debug_abbrev  0x00002c4f      0x13e ./token-management/btl_security_tokens.o

.debug_loc      0x00000000     0x3abd
 .debug_loc     0x00000000      0x120 ./CMSIS/system_efr32mg21.o
 .debug_loc     0x00000120       0x63 ./core/EFR32/gcc/main_btl_startup.o
 .debug_loc     0x00000183      0x29b ./core/btl_main.o
 .debug_loc     0x0000041e       0xb4 ./crc/btl_crc32.o
 .debug_loc     0x000004d2      0x401 ./crypto/btl_security_aes.o
 .debug_loc     0x000008d3      0x115 ./crypto/btl_security_ecdsa.o
 .debug_loc     0x000009e8      0x2d1 ./crypto/btl_security_sha256.o
 .debug_loc     0x00000cb9      0x782 ./emlib/em_msc.o
 .debug_loc     0x0000143b      0x793 ./emlib/em_se.o
 .debug_loc     0x00001bce       0x70 ./emlib/em_system.o
 .debug_loc     0x00001c3e      0x3f0 ./internal_flash/btl_storage_internal_flash.o
 .debug_loc     0x0000202e      0xbb8 ./mbedtls/se_aes.o
 .debug_loc     0x00002be6       0xff ./mbedtls/se_sha.o
 .debug_loc     0x00002ce5      0xc6e ./mbedtls/shax.o
 .debug_loc     0x00003953       0x42 ./parser/btl_gbl_custom_tags.o
 .debug_loc     0x00003995       0x21 ./parser/btl_image_parser.o
 .debug_loc     0x000039b6       0x6f ./storage-common/btl_storage.o
 .debug_loc     0x00003a25       0x98 ./token-management/btl_security_tokens.o

.debug_aranges  0x00000000      0x580
 .debug_aranges
                0x00000000       0x90 ./CMSIS/system_efr32mg21.o
 .debug_aranges
                0x00000090       0x28 ./core/EFR32/gcc/main_btl_startup.o
 .debug_aranges
                0x000000b8       0x28 ./core/btl_core.o
 .debug_aranges
                0x000000e0       0x38 ./core/btl_main.o
 .debug_aranges
                0x00000118       0x20 ./crc/btl_crc32.o
 .debug_aranges
                0x00000138       0x40 ./crypto/btl_security_aes.o
 .debug_aranges
                0x00000178       0x20 ./crypto/btl_security_ecdsa.o
 .debug_aranges
                0x00000198       0x38 ./crypto/btl_security_sha256.o
 .debug_aranges
                0x000001d0       0x68 ./emlib/em_msc.o
 .debug_aranges
                0x00000238       0xa8 ./emlib/em_se.o
 .debug_aranges
                0x000002e0       0x28 ./emlib/em_system.o
 .debug_aranges
                0x00000308       0x48 ./internal_flash/btl_storage_internal_flash.o
 .debug_aranges
                0x00000350       0x60 ./mbedtls/se_aes.o
 .debug_aranges
                0x000003b0       0x20 ./mbedtls/se_management.o
 .debug_aranges
                0x000003d0       0x20 ./mbedtls/se_sha.o
 .debug_aranges
                0x000003f0       0xc8 ./mbedtls/shax.o
 .debug_aranges
                0x000004b8       0x28 ./parser/btl_gbl_custom_tags.o
 .debug_aranges
                0x000004e0       0x40 ./parser/btl_image_parser.o
 .debug_aranges
                0x00000520       0x30 ./storage-common/btl_storage.o
 .debug_aranges
                0x00000550       0x30 ./token-management/btl_security_tokens.o

.debug_ranges   0x00000000      0x638
 .debug_ranges  0x00000000       0x80 ./CMSIS/system_efr32mg21.o
 .debug_ranges  0x00000080       0x18 ./core/EFR32/gcc/main_btl_startup.o
 .debug_ranges  0x00000098       0x18 ./core/btl_core.o
 .debug_ranges  0x000000b0       0x58 ./core/btl_main.o
 .debug_ranges  0x00000108       0x10 ./crc/btl_crc32.o
 .debug_ranges  0x00000118       0x30 ./crypto/btl_security_aes.o
 .debug_ranges  0x00000148       0x10 ./crypto/btl_security_ecdsa.o
 .debug_ranges  0x00000158       0x40 ./crypto/btl_security_sha256.o
 .debug_ranges  0x00000198       0x88 ./emlib/em_msc.o
 .debug_ranges  0x00000220       0xf8 ./emlib/em_se.o
 .debug_ranges  0x00000318       0x18 ./emlib/em_system.o
 .debug_ranges  0x00000330       0x68 ./internal_flash/btl_storage_internal_flash.o
 .debug_ranges  0x00000398       0xe8 ./mbedtls/se_aes.o
 .debug_ranges  0x00000480       0x10 ./mbedtls/se_management.o
 .debug_ranges  0x00000490       0x10 ./mbedtls/se_sha.o
 .debug_ranges  0x000004a0      0x110 ./mbedtls/shax.o
 .debug_ranges  0x000005b0       0x18 ./parser/btl_gbl_custom_tags.o
 .debug_ranges  0x000005c8       0x30 ./parser/btl_image_parser.o
 .debug_ranges  0x000005f8       0x20 ./storage-common/btl_storage.o
 .debug_ranges  0x00000618       0x20 ./token-management/btl_security_tokens.o

.debug_macro    0x00000000    0x34050
 .debug_macro   0x00000000      0x2ba ./CMSIS/system_efr32mg21.o
 .debug_macro   0x000002ba      0xa96 ./CMSIS/system_efr32mg21.o
 .debug_macro   0x00000d50       0x22 ./CMSIS/system_efr32mg21.o
 .debug_macro   0x00000d72       0x4f ./CMSIS/system_efr32mg21.o
 .debug_macro   0x00000dc1       0x51 ./CMSIS/system_efr32mg21.o
 .debug_macro   0x00000e12       0xef ./CMSIS/system_efr32mg21.o
 .debug_macro   0x00000f01       0x6a ./CMSIS/system_efr32mg21.o
 .debug_macro   0x00000f6b      0x1df ./CMSIS/system_efr32mg21.o
 .debug_macro   0x0000114a      0x6af ./CMSIS/system_efr32mg21.o
 .debug_macro   0x000017f9       0x1c ./CMSIS/system_efr32mg21.o
 .debug_macro   0x00001815       0x29 ./CMSIS/system_efr32mg21.o
 .debug_macro   0x0000183e       0xdf ./CMSIS/system_efr32mg21.o
 .debug_macro   0x0000191d     0x1401 ./CMSIS/system_efr32mg21.o
 .debug_macro   0x00002d1e       0x5e ./CMSIS/system_efr32mg21.o
 .debug_macro   0x00002d7c      0xc3b ./CMSIS/system_efr32mg21.o
 .debug_macro   0x000039b7      0xaba ./CMSIS/system_efr32mg21.o
 .debug_macro   0x00004471      0x813 ./CMSIS/system_efr32mg21.o
 .debug_macro   0x00004c84      0x300 ./CMSIS/system_efr32mg21.o
 .debug_macro   0x00004f84       0x34 ./CMSIS/system_efr32mg21.o
 .debug_macro   0x00004fb8      0x304 ./CMSIS/system_efr32mg21.o
 .debug_macro   0x000052bc      0x456 ./CMSIS/system_efr32mg21.o
 .debug_macro   0x00005712      0x240 ./CMSIS/system_efr32mg21.o
 .debug_macro   0x00005952      0x156 ./CMSIS/system_efr32mg21.o
 .debug_macro   0x00005aa8      0x6e6 ./CMSIS/system_efr32mg21.o
 .debug_macro   0x0000618e      0x363 ./CMSIS/system_efr32mg21.o
 .debug_macro   0x000064f1     0x14e6 ./CMSIS/system_efr32mg21.o
 .debug_macro   0x000079d7       0x10 ./CMSIS/system_efr32mg21.o
 .debug_macro   0x000079e7      0x791 ./CMSIS/system_efr32mg21.o
 .debug_macro   0x00008178     0x1fd8 ./CMSIS/system_efr32mg21.o
 .debug_macro   0x0000a150      0xcb2 ./CMSIS/system_efr32mg21.o
 .debug_macro   0x0000ae02       0x4c ./CMSIS/system_efr32mg21.o
 .debug_macro   0x0000ae4e     0x15b8 ./CMSIS/system_efr32mg21.o
 .debug_macro   0x0000c406     0x212d ./CMSIS/system_efr32mg21.o
 .debug_macro   0x0000e533      0x53c ./CMSIS/system_efr32mg21.o
 .debug_macro   0x0000ea6f      0xfe5 ./CMSIS/system_efr32mg21.o
 .debug_macro   0x0000fa54       0x10 ./CMSIS/system_efr32mg21.o
 .debug_macro   0x0000fa64      0x7f0 ./CMSIS/system_efr32mg21.o
 .debug_macro   0x00010254       0x34 ./CMSIS/system_efr32mg21.o
 .debug_macro   0x00010288      0x308 ./CMSIS/system_efr32mg21.o
 .debug_macro   0x00010590      0x63c ./CMSIS/system_efr32mg21.o
 .debug_macro   0x00010bcc      0x80a ./CMSIS/system_efr32mg21.o
 .debug_macro   0x000113d6     0x12a1 ./CMSIS/system_efr32mg21.o
 .debug_macro   0x00012677      0x76b ./CMSIS/system_efr32mg21.o
 .debug_macro   0x00012de2      0x8f3 ./CMSIS/system_efr32mg21.o
 .debug_macro   0x000136d5     0x132d ./CMSIS/system_efr32mg21.o
 .debug_macro   0x00014a02      0xd92 ./CMSIS/system_efr32mg21.o
 .debug_macro   0x00015794      0x688 ./CMSIS/system_efr32mg21.o
 .debug_macro   0x00015e1c      0x425 ./CMSIS/system_efr32mg21.o
 .debug_macro   0x00016241      0x3c3 ./CMSIS/system_efr32mg21.o
 .debug_macro   0x00016604     0x243d ./CMSIS/system_efr32mg21.o
 .debug_macro   0x00018a41     0x12c4 ./CMSIS/system_efr32mg21.o
 .debug_macro   0x00019d05      0x319 ./CMSIS/system_efr32mg21.o
 .debug_macro   0x0001a01e     0x4b42 ./CMSIS/system_efr32mg21.o
 .debug_macro   0x0001eb60     0x151e ./CMSIS/system_efr32mg21.o
 .debug_macro   0x0002007e     0x217a ./CMSIS/system_efr32mg21.o
 .debug_macro   0x000221f8     0x77cd ./CMSIS/system_efr32mg21.o
 .debug_macro   0x000299c5     0x1440 ./CMSIS/system_efr32mg21.o
 .debug_macro   0x0002ae05     0x19a0 ./CMSIS/system_efr32mg21.o
 .debug_macro   0x0002c7a5      0x345 ./CMSIS/system_efr32mg21.o
 .debug_macro   0x0002caea      0xff5 ./CMSIS/system_efr32mg21.o
 .debug_macro   0x0002dadf      0x2f3 ./core/EFR32/gcc/main_btl_startup.o
 .debug_macro   0x0002ddd2      0x16d ./core/EFR32/gcc/main_btl_startup.o
 .debug_macro   0x0002df3f      0x212 ./core/EFR32/gcc/main_btl_startup.o
 .debug_macro   0x0002e151       0x58 ./core/EFR32/gcc/main_btl_startup.o
 .debug_macro   0x0002e1a9       0x8d ./core/EFR32/gcc/main_btl_startup.o
 .debug_macro   0x0002e236       0x22 ./core/EFR32/gcc/main_btl_startup.o
 .debug_macro   0x0002e258       0x3c ./core/EFR32/gcc/main_btl_startup.o
 .debug_macro   0x0002e294       0x90 ./core/EFR32/gcc/main_btl_startup.o
 .debug_macro   0x0002e324      0x37c ./core/btl_core.o
 .debug_macro   0x0002e6a0       0x1c ./core/btl_core.o
 .debug_macro   0x0002e6bc       0x18 ./core/btl_core.o
 .debug_macro   0x0002e6d4      0x107 ./core/btl_core.o
 .debug_macro   0x0002e7db       0x1c ./core/btl_core.o
 .debug_macro   0x0002e7f7       0x10 ./core/btl_core.o
 .debug_macro   0x0002e807       0xd6 ./core/btl_core.o
 .debug_macro   0x0002e8dd      0x1e4 ./core/btl_core.o
 .debug_macro   0x0002eac1       0x5e ./core/btl_core.o
 .debug_macro   0x0002eb1f       0x16 ./core/btl_core.o
 .debug_macro   0x0002eb35      0x52e ./core/btl_main.o
 .debug_macro   0x0002f063       0x2a ./core/btl_main.o
 .debug_macro   0x0002f08d       0x28 ./core/btl_main.o
 .debug_macro   0x0002f0b5       0x10 ./core/btl_main.o
 .debug_macro   0x0002f0c5      0x2b4 ./core/btl_main.o
 .debug_macro   0x0002f379       0x97 ./core/btl_main.o
 .debug_macro   0x0002f410      0x37a ./core/btl_main.o
 .debug_macro   0x0002f78a       0x58 ./core/btl_main.o
 .debug_macro   0x0002f7e2      0x34d ./core/btl_main.o
 .debug_macro   0x0002fb2f       0x25 ./core/btl_main.o
 .debug_macro   0x0002fb54       0xee ./core/btl_main.o
 .debug_macro   0x0002fc42       0x19 ./core/btl_main.o
 .debug_macro   0x0002fc5b       0x28 ./core/btl_main.o
 .debug_macro   0x0002fc83       0x18 ./core/btl_main.o
 .debug_macro   0x0002fc9b       0x12 ./core/btl_main.o
 .debug_macro   0x0002fcad       0x12 ./core/btl_main.o
 .debug_macro   0x0002fcbf       0x40 ./core/btl_main.o
 .debug_macro   0x0002fcff      0x2a2 ./crc/btl_crc32.o
 .debug_macro   0x0002ffa1       0x10 ./crc/btl_crc32.o
 .debug_macro   0x0002ffb1      0x54d ./crypto/btl_security_aes.o
 .debug_macro   0x000304fe       0x17 ./crypto/btl_security_aes.o
 .debug_macro   0x00030515       0x35 ./crypto/btl_security_aes.o
 .debug_macro   0x0003054a       0x9c ./crypto/btl_security_aes.o
 .debug_macro   0x000305e6       0x58 ./crypto/btl_security_aes.o
 .debug_macro   0x0003063e       0x1f ./crypto/btl_security_aes.o
 .debug_macro   0x0003065d       0x43 ./crypto/btl_security_aes.o
 .debug_macro   0x000306a0       0x20 ./crypto/btl_security_aes.o
 .debug_macro   0x000306c0      0x18e ./crypto/btl_security_aes.o
 .debug_macro   0x0003084e       0x10 ./crypto/btl_security_aes.o
 .debug_macro   0x0003085e       0x35 ./crypto/btl_security_aes.o
 .debug_macro   0x00030893       0x3a ./crypto/btl_security_aes.o
 .debug_macro   0x000308cd       0x1c ./crypto/btl_security_aes.o
 .debug_macro   0x000308e9       0x10 ./crypto/btl_security_aes.o
 .debug_macro   0x000308f9       0x10 ./crypto/btl_security_aes.o
 .debug_macro   0x00030909       0xb6 ./crypto/btl_security_aes.o
 .debug_macro   0x000309bf       0x16 ./crypto/btl_security_aes.o
 .debug_macro   0x000309d5      0x129 ./crypto/btl_security_aes.o
 .debug_macro   0x00030afe      0x36f ./crypto/btl_security_ecdsa.o
 .debug_macro   0x00030e6d       0x10 ./crypto/btl_security_ecdsa.o
 .debug_macro   0x00030e7d      0x3b0 ./crypto/btl_security_sha256.o
 .debug_macro   0x0003122d      0x368 ./emlib/em_msc.o
 .debug_macro   0x00031595       0x3f ./emlib/em_msc.o
 .debug_macro   0x000315d4      0x2dc ./emlib/em_se.o
 .debug_macro   0x000318b0      0x2af ./emlib/em_system.o
 .debug_macro   0x00031b5f      0x450 ./internal_flash/btl_storage_internal_flash.o
 .debug_macro   0x00031faf      0x435 ./mbedtls/se_aes.o
 .debug_macro   0x000323e4       0x16 ./mbedtls/se_aes.o
 .debug_macro   0x000323fa      0x40a ./mbedtls/se_management.o
 .debug_macro   0x00032804       0x1c ./mbedtls/se_management.o
 .debug_macro   0x00032820      0x45a ./mbedtls/se_sha.o
 .debug_macro   0x00032c7a       0x26 ./mbedtls/se_sha.o
 .debug_macro   0x00032ca0      0x442 ./mbedtls/shax.o
 .debug_macro   0x000330e2      0x3b7 ./parser/btl_gbl_custom_tags.o
 .debug_macro   0x00033499      0x354 ./parser/btl_image_parser.o
 .debug_macro   0x000337ed      0x4e5 ./storage-common/btl_storage.o
 .debug_macro   0x00033cd2      0x37e ./token-management/btl_security_tokens.o

.debug_line     0x00000000     0xf57c
 .debug_line    0x00000000      0x916 ./CMSIS/system_efr32mg21.o
 .debug_line    0x00000916      0x8fc ./core/EFR32/gcc/main_btl_startup.o
 .debug_line    0x00001212      0xc87 ./core/btl_core.o
 .debug_line    0x00001e99     0x1244 ./core/btl_main.o
 .debug_line    0x000030dd      0x800 ./crc/btl_crc32.o
 .debug_line    0x000038dd     0x1010 ./crypto/btl_security_aes.o
 .debug_line    0x000048ed      0x9bb ./crypto/btl_security_ecdsa.o
 .debug_line    0x000052a8      0xc2b ./crypto/btl_security_sha256.o
 .debug_line    0x00005ed3      0xa8b ./emlib/em_msc.o
 .debug_line    0x0000695e      0xade ./emlib/em_se.o
 .debug_line    0x0000743c      0x879 ./emlib/em_system.o
 .debug_line    0x00007cb5      0xf50 ./internal_flash/btl_storage_internal_flash.o
 .debug_line    0x00008c05      0xdce ./mbedtls/se_aes.o
 .debug_line    0x000099d3      0xb55 ./mbedtls/se_management.o
 .debug_line    0x0000a528      0xbb7 ./mbedtls/se_sha.o
 .debug_line    0x0000b0df      0xd6d ./mbedtls/shax.o
 .debug_line    0x0000be4c      0xd54 ./parser/btl_gbl_custom_tags.o
 .debug_line    0x0000cba0      0xc1f ./parser/btl_image_parser.o
 .debug_line    0x0000d7bf     0x11a0 ./storage-common/btl_storage.o
 .debug_line    0x0000e95f      0xc1d ./token-management/btl_security_tokens.o

.debug_str      0x00000000   0x148055
 .debug_str     0x00000000   0x139aac ./CMSIS/system_efr32mg21.o
                             0x139f61 (size before relaxing)
 .debug_str     0x00139aac     0x2a58 ./core/EFR32/gcc/main_btl_startup.o
                             0x13beee (size before relaxing)
 .debug_str     0x0013c504     0x1aac ./core/btl_core.o
                             0x13d32a (size before relaxing)
 .debug_str     0x0013dfb0     0x4f05 ./core/btl_main.o
                             0x143011 (size before relaxing)
 .debug_str     0x00142eb5      0x24d ./crc/btl_crc32.o
                             0x1399b5 (size before relaxing)
 .debug_str     0x00143102     0x2020 ./crypto/btl_security_aes.o
                             0x142f7a (size before relaxing)
 .debug_str     0x00145122      0x29b ./crypto/btl_security_ecdsa.o
                             0x13ebbb (size before relaxing)
 .debug_str     0x001453bd      0x138 ./crypto/btl_security_sha256.o
                             0x13e698 (size before relaxing)
 .debug_str     0x001454f5     0x163c ./emlib/em_msc.o
                             0x13be4b (size before relaxing)
 .debug_str     0x00146b31      0x486 ./emlib/em_se.o
                             0x13ad38 (size before relaxing)
 .debug_str     0x00146fb7       0xb7 ./emlib/em_system.o
                             0x139cae (size before relaxing)
 .debug_str     0x0014706e      0x1cd ./internal_flash/btl_storage_internal_flash.o
                             0x140b95 (size before relaxing)
 .debug_str     0x0014723b      0x200 ./mbedtls/se_aes.o
                             0x13f40f (size before relaxing)
 .debug_str     0x0014743b      0x11c ./mbedtls/se_management.o
                             0x13f087 (size before relaxing)
 .debug_str     0x00147557      0x248 ./mbedtls/se_sha.o
                             0x13eb4c (size before relaxing)
 .debug_str     0x0014779f      0x2f4 ./mbedtls/shax.o
                             0x13ec16 (size before relaxing)
 .debug_str     0x00147a93      0x130 ./parser/btl_gbl_custom_tags.o
                             0x13d978 (size before relaxing)
 .debug_str     0x00147bc3      0x185 ./parser/btl_image_parser.o
                             0x13d99b (size before relaxing)
 .debug_str     0x00147d48      0x194 ./storage-common/btl_storage.o
                             0x141cf8 (size before relaxing)
 .debug_str     0x00147edc      0x179 ./token-management/btl_security_tokens.o
                             0x13e318 (size before relaxing)

.debug_frame    0x00000000      0xcd0
 .debug_frame   0x00000000      0x108 ./CMSIS/system_efr32mg21.o
 .debug_frame   0x00000108       0x38 ./core/EFR32/gcc/main_btl_startup.o
 .debug_frame   0x00000140       0x30 ./core/btl_core.o
 .debug_frame   0x00000170       0x6c ./core/btl_main.o
 .debug_frame   0x000001dc       0x2c ./crc/btl_crc32.o
 .debug_frame   0x00000208       0x8c ./crypto/btl_security_aes.o
 .debug_frame   0x00000294       0x40 ./crypto/btl_security_ecdsa.o
 .debug_frame   0x000002d4       0x64 ./crypto/btl_security_sha256.o
 .debug_frame   0x00000338      0x130 ./emlib/em_msc.o
 .debug_frame   0x00000468      0x204 ./emlib/em_se.o
 .debug_frame   0x0000066c       0x30 ./emlib/em_system.o
 .debug_frame   0x0000069c       0x9c ./internal_flash/btl_storage_internal_flash.o
 .debug_frame   0x00000738      0x154 ./mbedtls/se_aes.o
 .debug_frame   0x0000088c       0x30 ./mbedtls/se_management.o
 .debug_frame   0x000008bc       0x3c ./mbedtls/se_sha.o
 .debug_frame   0x000008f8      0x1f8 ./mbedtls/shax.o
 .debug_frame   0x00000af0       0x30 ./parser/btl_gbl_custom_tags.o
 .debug_frame   0x00000b20       0x90 ./parser/btl_image_parser.o
 .debug_frame   0x00000bb0       0x54 ./storage-common/btl_storage.o
 .debug_frame   0x00000c04       0x58 ./token-management/btl_security_tokens.o
 .debug_frame   0x00000c5c       0x2c c:/siliconlabs/simplicitystudio/v4/developer/toolchains/gnu_arm/7.2_2017q4/bin/../lib/gcc/arm-none-eabi/7.2.1/../../../../arm-none-eabi/lib/thumb/v8-m.main/fpv5-sp/softfp\libc_nano.a(lib_a-memcmp.o)
 .debug_frame   0x00000c88       0x28 c:/siliconlabs/simplicitystudio/v4/developer/toolchains/gnu_arm/7.2_2017q4/bin/../lib/gcc/arm-none-eabi/7.2.1/../../../../arm-none-eabi/lib/thumb/v8-m.main/fpv5-sp/softfp\libc_nano.a(lib_a-memcpy-stub.o)
 .debug_frame   0x00000cb0       0x20 c:/siliconlabs/simplicitystudio/v4/developer/toolchains/gnu_arm/7.2_2017q4/bin/../lib/gcc/arm-none-eabi/7.2.1/../../../../arm-none-eabi/lib/thumb/v8-m.main/fpv5-sp/softfp\libc_nano.a(lib_a-memset.o)
