Archive member included to satisfy reference by file (symbol)

C:/SiliconLabs/SimplicityStudio/v4/developer/sdks/gecko_sdk_suite/v2.7//platform/bootloader/build/lib/libbootloader_efr32xg21_gcc.a(btl_bootload.o)
                              ./xmodem-uart/btl_comm_xmodem.o (bootload_applicationCallback)
C:/SiliconLabs/SimplicityStudio/v4/developer/sdks/gecko_sdk_suite/v2.7//platform/bootloader/build/lib/libbootloader_efr32xg21_gcc.a(btl_parse.o)
                              ./core/btl_main.o (core_initParser)
C:/SiliconLabs/SimplicityStudio/v4/developer/sdks/gecko_sdk_suite/v2.7//platform/bootloader/build/lib/libbootloader_efr32xg21_gcc.a(btl_reset.o)
                              ./core/btl_main.o (reset_setResetReason)
C:/SiliconLabs/SimplicityStudio/v4/developer/sdks/gecko_sdk_suite/v2.7//platform/bootloader/build/lib/libbootloader_efr32xg21_gcc.a(btl_internal_flash.o)
                              C:/SiliconLabs/SimplicityStudio/v4/developer/sdks/gecko_sdk_suite/v2.7//platform/bootloader/build/lib/libbootloader_efr32xg21_gcc.a(btl_bootload.o) (flash_erasePage)
C:/SiliconLabs/SimplicityStudio/v4/developer/sdks/gecko_sdk_suite/v2.7//platform/bootloader/build/lib/libparser_efr32xg21_gcc.a(btl_ebl_parser.o)
                              ./xmodem-uart/btl_comm_xmodem.o (parser_init)
c:/siliconlabs/simplicitystudio/v4/developer/toolchains/gnu_arm/7.2_2017q4/bin/../lib/gcc/arm-none-eabi/7.2.1/thumb/v8-m.main/fpv5-sp/softfp\libgcc.a(_aeabi_ldivmod.o)
                              ./emlib/em_usart.o (__aeabi_ldivmod)
c:/siliconlabs/simplicitystudio/v4/developer/toolchains/gnu_arm/7.2_2017q4/bin/../lib/gcc/arm-none-eabi/7.2.1/thumb/v8-m.main/fpv5-sp/softfp\libgcc.a(_aeabi_uldivmod.o)
                              ./emlib/em_usart.o (__aeabi_uldivmod)
c:/siliconlabs/simplicitystudio/v4/developer/toolchains/gnu_arm/7.2_2017q4/bin/../lib/gcc/arm-none-eabi/7.2.1/thumb/v8-m.main/fpv5-sp/softfp\libgcc.a(_udivmoddi4.o)
                              c:/siliconlabs/simplicitystudio/v4/developer/toolchains/gnu_arm/7.2_2017q4/bin/../lib/gcc/arm-none-eabi/7.2.1/thumb/v8-m.main/fpv5-sp/softfp\libgcc.a(_aeabi_ldivmod.o) (__udivmoddi4)
c:/siliconlabs/simplicitystudio/v4/developer/toolchains/gnu_arm/7.2_2017q4/bin/../lib/gcc/arm-none-eabi/7.2.1/thumb/v8-m.main/fpv5-sp/softfp\libgcc.a(_dvmd_tls.o)
                              c:/siliconlabs/simplicitystudio/v4/developer/toolchains/gnu_arm/7.2_2017q4/bin/../lib/gcc/arm-none-eabi/7.2.1/thumb/v8-m.main/fpv5-sp/softfp\libgcc.a(_aeabi_ldivmod.o) (__aeabi_ldiv0)
c:/siliconlabs/simplicitystudio/v4/developer/toolchains/gnu_arm/7.2_2017q4/bin/../lib/gcc/arm-none-eabi/7.2.1/../../../../arm-none-eabi/lib/thumb/v8-m.main/fpv5-sp/softfp\libc_nano.a(lib_a-exit.o)
                              c:/siliconlabs/simplicitystudio/v4/developer/toolchains/gnu_arm/7.2_2017q4/bin/../lib/gcc/arm-none-eabi/7.2.1/../../../../arm-none-eabi/lib/thumb/v8-m.main/fpv5-sp/softfp/crt0.o (exit)
c:/siliconlabs/simplicitystudio/v4/developer/toolchains/gnu_arm/7.2_2017q4/bin/../lib/gcc/arm-none-eabi/7.2.1/../../../../arm-none-eabi/lib/thumb/v8-m.main/fpv5-sp/softfp\libc_nano.a(lib_a-impure.o)
                              c:/siliconlabs/simplicitystudio/v4/developer/toolchains/gnu_arm/7.2_2017q4/bin/../lib/gcc/arm-none-eabi/7.2.1/../../../../arm-none-eabi/lib/thumb/v8-m.main/fpv5-sp/softfp\libc_nano.a(lib_a-exit.o) (_global_impure_ptr)
c:/siliconlabs/simplicitystudio/v4/developer/toolchains/gnu_arm/7.2_2017q4/bin/../lib/gcc/arm-none-eabi/7.2.1/../../../../arm-none-eabi/lib/thumb/v8-m.main/fpv5-sp/softfp\libc_nano.a(lib_a-init.o)
                              c:/siliconlabs/simplicitystudio/v4/developer/toolchains/gnu_arm/7.2_2017q4/bin/../lib/gcc/arm-none-eabi/7.2.1/../../../../arm-none-eabi/lib/thumb/v8-m.main/fpv5-sp/softfp/crt0.o (__libc_init_array)
c:/siliconlabs/simplicitystudio/v4/developer/toolchains/gnu_arm/7.2_2017q4/bin/../lib/gcc/arm-none-eabi/7.2.1/../../../../arm-none-eabi/lib/thumb/v8-m.main/fpv5-sp/softfp\libc_nano.a(lib_a-memcmp.o)
                              C:/SiliconLabs/SimplicityStudio/v4/developer/sdks/gecko_sdk_suite/v2.7//platform/bootloader/build/lib/libparser_efr32xg21_gcc.a(btl_ebl_parser.o) (memcmp)
c:/siliconlabs/simplicitystudio/v4/developer/toolchains/gnu_arm/7.2_2017q4/bin/../lib/gcc/arm-none-eabi/7.2.1/../../../../arm-none-eabi/lib/thumb/v8-m.main/fpv5-sp/softfp\libc_nano.a(lib_a-memcpy-stub.o)
                              ./mbedtls/se_aes.o (memcpy)
c:/siliconlabs/simplicitystudio/v4/developer/toolchains/gnu_arm/7.2_2017q4/bin/../lib/gcc/arm-none-eabi/7.2.1/../../../../arm-none-eabi/lib/thumb/v8-m.main/fpv5-sp/softfp\libc_nano.a(lib_a-memset.o)
                              c:/siliconlabs/simplicitystudio/v4/developer/toolchains/gnu_arm/7.2_2017q4/bin/../lib/gcc/arm-none-eabi/7.2.1/../../../../arm-none-eabi/lib/thumb/v8-m.main/fpv5-sp/softfp/crt0.o (memset)
[...]
Memory Configuration

Name             Origin             Length             Attributes
FLASH            0x00000000         0x00004000         xr
RAM              0x20000000         0x00008000         xrw
*default*        0x00000000         0xffffffff

Linker script and memory map

LOAD c:/siliconlabs/simplicitystudio/v4/developer/toolchains/gnu_arm/7.2_2017q4/bin/../lib/gcc/arm-none-eabi/7.2.1/thumb/v8-m.main/fpv5-sp/softfp/crti.o
LOAD c:/siliconlabs/simplicitystudio/v4/developer/toolchains/gnu_arm/7.2_2017q4/bin/../lib/gcc/arm-none-eabi/7.2.1/thumb/v8-m.main/fpv5-sp/softfp/crtbegin.o
LOAD c:/siliconlabs/simplicitystudio/v4/developer/toolchains/gnu_arm/7.2_2017q4/bin/../lib/gcc/arm-none-eabi/7.2.1/../../../../arm-none-eabi/lib/thumb/v8-m.main/fpv5-sp/softfp/crt0.o
START GROUP
LOAD ./CMSIS/system_efr32mg21.o
LOAD ./bootloader-callback-stubs.o
LOAD ./bootloader-callbacks.o
LOAD ./core/EFR32/gcc/main_btl_startup.o
LOAD ./core/btl_core.o
LOAD ./core/btl_driver_util.o
LOAD ./core/btl_main.o
LOAD ./crc/btl_crc16.o
LOAD ./crc/btl_crc32.o
LOAD ./crypto/btl_security_aes.o
LOAD ./crypto/btl_security_ecdsa.o
LOAD ./crypto/btl_security_sha256.o
LOAD ./crypto/ecc.o
LOAD ./delay-driver/btl_driver_delay.o
LOAD ./emlib/em_assert.o
LOAD ./emlib/em_cmu.o
LOAD ./emlib/em_core.o
LOAD ./emlib/em_crypto.o
LOAD ./emlib/em_emu.o
LOAD ./emlib/em_eusart.o
LOAD ./emlib/em_gpio.o
LOAD ./emlib/em_msc.o
LOAD ./emlib/em_rmu.o
LOAD ./emlib/em_se.o
LOAD ./emlib/em_system.o
LOAD ./emlib/em_timer.o
LOAD ./emlib/em_usart.o
LOAD ./emlib/em_wdog.o
LOAD ./gpio-activation/btl_gpio_activation.o
LOAD ./mbedtls/crypto_aes.o
LOAD ./mbedtls/crypto_management.o
LOAD ./mbedtls/crypto_sha.o
LOAD ./mbedtls/cryptoacc_aes.o
LOAD ./mbedtls/cryptoacc_management.o
LOAD ./mbedtls/cryptoacc_sha.o
LOAD ./mbedtls/se_aes.o
LOAD ./mbedtls/se_management.o
LOAD ./mbedtls/se_sha.o
LOAD ./mbedtls/shax.o
LOAD ./parser/btl_gbl_custom_tags.o
LOAD ./parser/btl_image_parser.o
LOAD ./token-management/btl_security_tokens.o
LOAD ./uart-driver/btl_driver_euart.o
LOAD ./uart-driver/btl_driver_uart.o
LOAD ./xmodem-uart/btl_comm_xmodem.o
LOAD ./xmodem-uart/btl_xmodem.o
LOAD C:/SiliconLabs/SimplicityStudio/v4/developer/sdks/gecko_sdk_suite/v2.7//platform/bootloader/build/lib/libbootloader_efr32xg21_gcc.a
LOAD C:/SiliconLabs/SimplicityStudio/v4/developer/sdks/gecko_sdk_suite/v2.7//platform/bootloader/build/lib/libparser_efr32xg21_gcc.a
LOAD c:/siliconlabs/simplicitystudio/v4/developer/toolchains/gnu_arm/7.2_2017q4/bin/../lib/gcc/arm-none-eabi/7.2.1/../../../../arm-none-eabi/lib/thumb/v8-m.main/fpv5-sp/softfp\libnosys.a
END GROUP
START GROUP
LOAD c:/siliconlabs/simplicitystudio/v4/developer/toolchains/gnu_arm/7.2_2017q4/bin/../lib/gcc/arm-none-eabi/7.2.1/thumb/v8-m.main/fpv5-sp/softfp\libgcc.a
LOAD c:/siliconlabs/simplicitystudio/v4/developer/toolchains/gnu_arm/7.2_2017q4/bin/../lib/gcc/arm-none-eabi/7.2.1/../../../../arm-none-eabi/lib/thumb/v8-m.main/fpv5-sp/softfp\libc_nano.a
LOAD c:/siliconlabs/simplicitystudio/v4/developer/toolchains/gnu_arm/7.2_2017q4/bin/../lib/gcc/arm-none-eabi/7.2.1/../../../../arm-none-eabi/lib/thumb/v8-m.main/fpv5-sp/softfp\libnosys.a
END GROUP
START GROUP
LOAD c:/siliconlabs/simplicitystudio/v4/developer/toolchains/gnu_arm/7.2_2017q4/bin/../lib/gcc/arm-none-eabi/7.2.1/thumb/v8-m.main/fpv5-sp/softfp\libgcc.a
LOAD c:/siliconlabs/simplicitystudio/v4/developer/toolchains/gnu_arm/7.2_2017q4/bin/../lib/gcc/arm-none-eabi/7.2.1/../../../../arm-none-eabi/lib/thumb/v8-m.main/fpv5-sp/softfp\libg_nano.a
LOAD c:/siliconlabs/simplicitystudio/v4/developer/toolchains/gnu_arm/7.2_2017q4/bin/../lib/gcc/arm-none-eabi/7.2.1/../../../../arm-none-eabi/lib/thumb/v8-m.main/fpv5-sp/softfp\libc_nano.a
END GROUP
START GROUP
LOAD c:/siliconlabs/simplicitystudio/v4/developer/toolchains/gnu_arm/7.2_2017q4/bin/../lib/gcc/arm-none-eabi/7.2.1/thumb/v8-m.main/fpv5-sp/softfp\libgcc.a
LOAD c:/siliconlabs/simplicitystudio/v4/developer/toolchains/gnu_arm/7.2_2017q4/bin/../lib/gcc/arm-none-eabi/7.2.1/../../../../arm-none-eabi/lib/thumb/v8-m.main/fpv5-sp/softfp\libc_nano.a
END GROUP
LOAD c:/siliconlabs/simplicitystudio/v4/developer/toolchains/gnu_arm/7.2_2017q4/bin/../lib/gcc/arm-none-eabi/7.2.1/thumb/v8-m.main/fpv5-sp/softfp/crtend.o
LOAD c:/siliconlabs/simplicitystudio/v4/developer/toolchains/gnu_arm/7.2_2017q4/bin/../lib/gcc/arm-none-eabi/7.2.1/thumb/v8-m.main/fpv5-sp/softfp/crtn.o

.text           0x00000000     0x2b64
 *(.vectors)
 .vectors       0x00000000       0x40 ./core/EFR32/gcc/main_btl_startup.o
                0x00000000                __Vectors
                0x00000040                __Vectors_End = .
                0x00000040                __Vectors_Size = (__Vectors_End - __Vectors)
                0x00000040                __end__ = .
 *(.text*)
 .text          0x00000040       0x40 c:/siliconlabs/simplicitystudio/v4/developer/toolchains/gnu_arm/7.2_2017q4/bin/../lib/gcc/arm-none-eabi/7.2.1/thumb/v8-m.main/fpv5-sp/softfp/crtbegin.o
 .text.SystemInit
                0x00000080       0x1c ./CMSIS/system_efr32mg21.o
                0x00000080                SystemInit
 .text.Default_Handler
                0x0000009c        0x2 ./core/EFR32/gcc/main_btl_startup.o
                0x0000009c                DebugMon_Handler
                0x0000009c                SysTick_Handler
                0x0000009c                PendSV_Handler
                0x0000009c                NMI_Handler
                0x0000009c                UsageFault_Handler
                0x0000009c                Default_Handler
                0x0000009c                MemManage_Handler
                0x0000009c                SVC_Handler
                0x0000009c                BusFault_Handler
 *fill*         0x0000009e        0x2 
 .text.Reset_Handler
                0x000000a0       0x48 ./core/EFR32/gcc/main_btl_startup.o
                0x000000a0                Reset_Handler
 .text.btl_init
                0x000000e8        0x4 ./core/btl_core.o
                0x000000e8                btl_init
 .text.btl_deinit
                0x000000ec        0x4 ./core/btl_core.o
                0x000000ec                btl_deinit
 .text.util_getClockFreq
                0x000000f0       0x90 ./core/btl_driver_util.o
                0x000000f0                util_getClockFreq
 .text.HardFault_Handler
                0x00000180        0x8 ./core/btl_main.o
                0x00000180                HardFault_Handler
 .text.startup.main
                0x00000188       0xe8 ./core/btl_main.o
                0x00000188                main
 .text.SystemInit2
                0x00000270       0x7c ./core/btl_main.o
                0x00000270                SystemInit2
 .text.bootloader_enforceSecureBoot
                0x000002ec        0x4 ./core/btl_main.o
                0x000002ec                bootloader_enforceSecureBoot
 .text.btl_crc16
                0x000002f0       0x1e ./crc/btl_crc16.o
                0x000002f0                btl_crc16
 .text.btl_crc16Stream
                0x0000030e       0x1a ./crc/btl_crc16.o
                0x0000030e                btl_crc16Stream
 .text.btl_crc32Stream
                0x00000328       0x28 ./crc/btl_crc32.o
                0x00000328                btl_crc32Stream
 .text.btl_initAesCcm
                0x00000350       0x44 ./crypto/btl_security_aes.o
                0x00000350                btl_initAesCcm
 .text.btl_processAesCtrData
                0x00000394       0x22 ./crypto/btl_security_aes.o
                0x00000394                btl_processAesCtrData
 *fill*         0x000003b6        0x2 
 .text.btl_verifyEcdsaP256r1
                0x000003b8       0xe8 ./crypto/btl_security_ecdsa.o
                0x000003b8                btl_verifyEcdsaP256r1
 .text.btl_initSha256
                0x000004a0       0x14 ./crypto/btl_security_sha256.o
                0x000004a0                btl_initSha256
 .text.btl_updateSha256
                0x000004b4        0x4 ./crypto/btl_security_sha256.o
                0x000004b4                btl_updateSha256
 .text.btl_finalizeSha256
                0x000004b8        0x6 ./crypto/btl_security_sha256.o
                0x000004b8                btl_finalizeSha256
 *fill*         0x000004be        0x2 
 .text.delay_init
                0x000004c0       0x40 ./delay-driver/btl_driver_delay.o
                0x000004c0                delay_init
 .text.delay_milliseconds
                0x00000500       0x48 ./delay-driver/btl_driver_delay.o
                0x00000500                delay_milliseconds
 .text.delay_expired
                0x00000548       0x38 ./delay-driver/btl_driver_delay.o
                0x00000548                delay_expired
 .text.GPIO_PinModeSet
                0x00000580       0x84 ./emlib/em_gpio.o
                0x00000580                GPIO_PinModeSet
 .text.mscStatusWait
                0x00000604       0x48 ./emlib/em_msc.o
                0x00000604                mscStatusWait
 .text.writeBurst
                0x0000064c       0x54 ./emlib/em_msc.o
                0x0000064c                writeBurst
 .text.MSC_ErasePage
                0x000006a0       0x44 ./emlib/em_msc.o
                0x000006a0                MSC_ErasePage
 .text.MSC_WriteWord
                0x000006e4       0x6c ./emlib/em_msc.o
                0x000006e4                MSC_WriteWord
 .text.SE_readCommandResponse
                0x00000750       0x12 ./emlib/em_se.o
 .text.SE_addDataInput
                0x00000762       0x14 ./emlib/em_se.o
                0x00000762                SE_addDataInput
 .text.SE_addDataOutput
                0x00000776       0x14 ./emlib/em_se.o
                0x00000776                SE_addDataOutput
 .text.SE_addParameter
                0x0000078a       0x12 ./emlib/em_se.o
                0x0000078a                SE_addParameter
 .text.SE_executeCommand
                0x0000079c       0x3c ./emlib/em_se.o
                0x0000079c                SE_executeCommand
 .text.SE_readPubkey
                0x000007d8       0x4c ./emlib/em_se.o
                0x000007d8                SE_readPubkey
 .text.SYSTEM_ChipRevisionGet
                0x00000824       0x1c ./emlib/em_system.o
                0x00000824                SYSTEM_ChipRevisionGet
 .text.TIMER_SyncWait
                0x00000840        0xe ./emlib/em_timer.o
                0x00000840                TIMER_SyncWait
 .text.TIMER_Init
                0x0000084e       0x9a ./emlib/em_timer.o
                0x0000084e                TIMER_Init
 .text.gpio_enterBootloader
                0x000008e8       0x5c ./gpio-activation/btl_gpio_activation.o
                0x000008e8                gpio_enterBootloader
 .text.SE_readCommandResponse
                0x00000944       0x12 ./mbedtls/se_aes.o
 .text.mbedtls_aes_init
                0x00000956        0xc ./mbedtls/se_aes.o
                0x00000956                mbedtls_aes_init
 .text.mbedtls_aes_setkey_enc
                0x00000962       0x40 ./mbedtls/se_aes.o
                0x00000962                mbedtls_aes_setkey_enc
 *fill*         0x000009a2        0x2 
 .text.mbedtls_aes_crypt_ecb
                0x000009a4       0xc8 ./mbedtls/se_aes.o
                0x000009a4                mbedtls_aes_crypt_ecb
 .text.mbedtls_aes_crypt_ctr
                0x00000a6c      0x19c ./mbedtls/se_aes.o
                0x00000a6c                mbedtls_aes_crypt_ctr
 .text.se_management_acquire
                0x00000c08        0x4 ./mbedtls/se_management.o
                0x00000c08                se_management_acquire
 .text.se_management_release
                0x00000c0c        0x4 ./mbedtls/se_management.o
                0x00000c0c                se_management_release
 .text.sha_x_process
                0x00000c10       0xf0 ./mbedtls/se_sha.o
                0x00000c10                sha_x_process
 .text.sha_x_update
                0x00000d00       0xcc ./mbedtls/shax.o
                0x00000d00                sha_x_update
 .text.sha_x_finish
                0x00000dcc       0xac ./mbedtls/shax.o
                0x00000dcc                sha_x_finish
 .text.mbedtls_sha256_init
                0x00000e78        0xc ./mbedtls/shax.o
                0x00000e78                mbedtls_sha256_init
 .text.mbedtls_sha256_update_ret
                0x00000e84       0x24 ./mbedtls/shax.o
                0x00000e84                mbedtls_sha256_update_ret
 .text.mbedtls_sha256_finish_ret
                0x00000ea8       0x24 ./mbedtls/shax.o
                0x00000ea8                mbedtls_sha256_finish_ret
 .text.mbedtls_sha256_starts
                0x00000ecc       0x14 ./mbedtls/shax.o
                0x00000ecc                mbedtls_sha256_starts
 .text.mbedtls_sha256_update
                0x00000ee0        0x4 ./mbedtls/shax.o
                0x00000ee0                mbedtls_sha256_update
 .text.mbedtls_sha256_finish
                0x00000ee4        0x4 ./mbedtls/shax.o
                0x00000ee4                mbedtls_sha256_finish
 .text.gbl_isCustomTag
                0x00000ee8        0x4 ./parser/btl_gbl_custom_tags.o
                0x00000ee8                gbl_isCustomTag
 .text.gbl_getCustomTagProperties
                0x00000eec        0x4 ./parser/btl_gbl_custom_tags.o
                0x00000eec                gbl_getCustomTagProperties
 .text.parser_requireAuthenticity
                0x00000ef0        0x4 ./parser/btl_image_parser.o
                0x00000ef0                parser_requireAuthenticity
 .text.parser_requireConfidentiality
                0x00000ef4        0x4 ./parser/btl_image_parser.o
                0x00000ef4                parser_requireConfidentiality
 .text.parser_requireCertificateAuthenticity
                0x00000ef8        0x4 ./parser/btl_image_parser.o
                0x00000ef8                parser_requireCertificateAuthenticity
 .text.parser_requireCertificateSignedImage
                0x00000efc        0x4 ./parser/btl_image_parser.o
                0x00000efc                parser_requireCertificateSignedImage
 .text.parser_getApplicationAddress
                0x00000f00        0x8 ./parser/btl_image_parser.o
                0x00000f00                parser_getApplicationAddress
 .text.parser_getMainBootloaderTable
                0x00000f08        0x6 ./parser/btl_image_parser.o
                0x00000f08                parser_getMainBootloaderTable
 .text.parser_getBootloaderUpgradeAddress
                0x00000f0e        0x6 ./parser/btl_image_parser.o
                0x00000f0e                parser_getBootloaderUpgradeAddress
 .text.parser_applicationUpgradeValidCallback
                0x00000f14        0x4 ./parser/btl_image_parser.o
                0x00000f14                parser_applicationUpgradeValidCallback
 .text.btl_getSignedBootloaderKeyXPtr
                0x00000f18       0x28 ./token-management/btl_security_tokens.o
                0x00000f18                btl_getSignedBootloaderKeyXPtr
 .text.btl_getSignedBootloaderKeyYPtr
                0x00000f40       0x28 ./token-management/btl_security_tokens.o
                0x00000f40                btl_getSignedBootloaderKeyYPtr
 .text.btl_getImageFileEncryptionKeyPtr
                0x00000f68        0x8 ./token-management/btl_security_tokens.o
                0x00000f68                btl_getImageFileEncryptionKeyPtr
 .text.uart_init
                0x00000f70      0x10c ./uart-driver/btl_driver_uart.o
                0x00000f70                uart_init
 .text.uart_isTxIdle
                0x0000107c       0x30 ./uart-driver/btl_driver_uart.o
                0x0000107c                uart_isTxIdle
 .text.uart_sendBuffer
                0x000010ac       0x6c ./uart-driver/btl_driver_uart.o
                0x000010ac                uart_sendBuffer
 .text.uart_sendByte
                0x00001118       0x28 ./uart-driver/btl_driver_uart.o
                0x00001118                uart_sendByte
 .text.uart_getRxAvailableBytes
                0x00001140       0x48 ./uart-driver/btl_driver_uart.o
                0x00001140                uart_getRxAvailableBytes
 .text.uart_receiveBuffer
                0x00001188       0xa4 ./uart-driver/btl_driver_uart.o
                0x00001188                uart_receiveBuffer
 .text.uart_receiveByteTimeout
                0x0000122c       0x14 ./uart-driver/btl_driver_uart.o
                0x0000122c                uart_receiveByteTimeout
 .text.uart_flush
                0x00001240       0x40 ./uart-driver/btl_driver_uart.o
                0x00001240                uart_flush
 .text.getAction
                0x00001280       0x30 ./xmodem-uart/btl_comm_xmodem.o
                0x00001280                getAction
 .text.communication_init
                0x000012b0        0x4 ./xmodem-uart/btl_comm_xmodem.o
                0x000012b0                communication_init
 .text.communication_start
                0x000012b4       0x58 ./xmodem-uart/btl_comm_xmodem.o
                0x000012b4                communication_start
 .text.communication_main
                0x0000130c      0x344 ./xmodem-uart/btl_comm_xmodem.o
                0x0000130c                communication_main
 .text.communication_shutdown
                0x00001650        0x2 ./xmodem-uart/btl_comm_xmodem.o
                0x00001650                communication_shutdown
 *fill*         0x00001652        0x2 
 .text.xmodem_reset
                0x00001654       0x14 ./xmodem-uart/btl_xmodem.o
                0x00001654                xmodem_reset
 .text.xmodem_parsePacket
                0x00001668       0xcc ./xmodem-uart/btl_xmodem.o
                0x00001668                xmodem_parsePacket
 .text.SE_readCommandResponse
                0x00001734       0x12 C:/SiliconLabs/SimplicityStudio/v4/developer/sdks/gecko_sdk_suite/v2.7//platform/bootloader/build/lib/libbootloader_efr32xg21_gcc.a(btl_bootload.o)
 *fill*         0x00001746        0x2 
 .text.checkApplicationPropertiesMagic
                0x00001748       0x44 C:/SiliconLabs/SimplicityStudio/v4/developer/sdks/gecko_sdk_suite/v2.7//platform/bootloader/build/lib/libbootloader_efr32xg21_gcc.a(btl_bootload.o)
 .text.flashData
                0x0000178c       0x42 C:/SiliconLabs/SimplicityStudio/v4/developer/sdks/gecko_sdk_suite/v2.7//platform/bootloader/build/lib/libbootloader_efr32xg21_gcc.a(btl_bootload.o)
 .text.getSignatureX
                0x000017ce       0x28 C:/SiliconLabs/SimplicityStudio/v4/developer/sdks/gecko_sdk_suite/v2.7//platform/bootloader/build/lib/libbootloader_efr32xg21_gcc.a(btl_bootload.o)
 .text.bootload_verifySecureBoot
                0x000017f6      0x132 C:/SiliconLabs/SimplicityStudio/v4/developer/sdks/gecko_sdk_suite/v2.7//platform/bootloader/build/lib/libbootloader_efr32xg21_gcc.a(btl_bootload.o)
 .text.bootload_applicationCallback
                0x00001928       0x2a C:/SiliconLabs/SimplicityStudio/v4/developer/sdks/gecko_sdk_suite/v2.7//platform/bootloader/build/lib/libbootloader_efr32xg21_gcc.a(btl_bootload.o)
                0x00001928                bootload_applicationCallback
 .text.bootload_bootloaderCallback
                0x00001952       0x42 C:/SiliconLabs/SimplicityStudio/v4/developer/sdks/gecko_sdk_suite/v2.7//platform/bootloader/build/lib/libbootloader_efr32xg21_gcc.a(btl_bootload.o)
                0x00001952                bootload_bootloaderCallback
 .text.bootload_verifyApplication
                0x00001994       0x8c C:/SiliconLabs/SimplicityStudio/v4/developer/sdks/gecko_sdk_suite/v2.7//platform/bootloader/build/lib/libbootloader_efr32xg21_gcc.a(btl_bootload.o)
                0x00001994                bootload_verifyApplication
 .text.bootload_commitBootloaderUpgrade
                0x00001a20       0x8c C:/SiliconLabs/SimplicityStudio/v4/developer/sdks/gecko_sdk_suite/v2.7//platform/bootloader/build/lib/libbootloader_efr32xg21_gcc.a(btl_bootload.o)
                0x00001a20                bootload_commitBootloaderUpgrade
 .text.bootload_checkSeUpgradeVersion
                0x00001aac       0x54 C:/SiliconLabs/SimplicityStudio/v4/developer/sdks/gecko_sdk_suite/v2.7//platform/bootloader/build/lib/libbootloader_efr32xg21_gcc.a(btl_bootload.o)
                0x00001aac                bootload_checkSeUpgradeVersion
 .text.bootload_commitSeUpgrade
                0x00001b00       0x68 C:/SiliconLabs/SimplicityStudio/v4/developer/sdks/gecko_sdk_suite/v2.7//platform/bootloader/build/lib/libbootloader_efr32xg21_gcc.a(btl_bootload.o)
                0x00001b00                bootload_commitSeUpgrade
 .text.core_initParser
                0x00001b68       0x32 C:/SiliconLabs/SimplicityStudio/v4/developer/sdks/gecko_sdk_suite/v2.7//platform/bootloader/build/lib/libbootloader_efr32xg21_gcc.a(btl_parse.o)
                0x00001b68                core_initParser
 .text.core_parseBuffer
                0x00001b9a       0x3a C:/SiliconLabs/SimplicityStudio/v4/developer/sdks/gecko_sdk_suite/v2.7//platform/bootloader/build/lib/libbootloader_efr32xg21_gcc.a(btl_parse.o)
                0x00001b9a                core_parseBuffer
 .text.reset_setResetReason
                0x00001bd4        0xe C:/SiliconLabs/SimplicityStudio/v4/developer/sdks/gecko_sdk_suite/v2.7//platform/bootloader/build/lib/libbootloader_efr32xg21_gcc.a(btl_reset.o)
                0x00001bd4                reset_setResetReason
 .text.reset_invalidateResetReason
                0x00001be2        0xc C:/SiliconLabs/SimplicityStudio/v4/developer/sdks/gecko_sdk_suite/v2.7//platform/bootloader/build/lib/libbootloader_efr32xg21_gcc.a(btl_reset.o)
                0x00001be2                reset_invalidateResetReason
 *fill*         0x00001bee        0x2 
 .text.reset_resetWithReason
                0x00001bf0       0x30 C:/SiliconLabs/SimplicityStudio/v4/developer/sdks/gecko_sdk_suite/v2.7//platform/bootloader/build/lib/libbootloader_efr32xg21_gcc.a(btl_reset.o)
                0x00001bf0                reset_resetWithReason
 .text.reset_classifyReset
                0x00001c20       0x2a C:/SiliconLabs/SimplicityStudio/v4/developer/sdks/gecko_sdk_suite/v2.7//platform/bootloader/build/lib/libbootloader_efr32xg21_gcc.a(btl_reset.o)
                0x00001c20                reset_classifyReset
 .text.flash_erasePage
                0x00001c4a        0xe C:/SiliconLabs/SimplicityStudio/v4/developer/sdks/gecko_sdk_suite/v2.7//platform/bootloader/build/lib/libbootloader_efr32xg21_gcc.a(btl_internal_flash.o)
                0x00001c4a                flash_erasePage
 .text.flash_writeBuffer
                0x00001c58       0x20 C:/SiliconLabs/SimplicityStudio/v4/developer/sdks/gecko_sdk_suite/v2.7//platform/bootloader/build/lib/libbootloader_efr32xg21_gcc.a(btl_internal_flash.o)
                0x00001c58                flash_writeBuffer
 .text.ebl_storeData
                0x00001c78       0x42 C:/SiliconLabs/SimplicityStudio/v4/developer/sdks/gecko_sdk_suite/v2.7//platform/bootloader/build/lib/libparser_efr32xg21_gcc.a(btl_ebl_parser.o)
 .text.ebl_getData
                0x00001cba       0xea C:/SiliconLabs/SimplicityStudio/v4/developer/sdks/gecko_sdk_suite/v2.7//platform/bootloader/build/lib/libparser_efr32xg21_gcc.a(btl_ebl_parser.o)
 .text.ebl_parseHeader
                0x00001da4       0x7c C:/SiliconLabs/SimplicityStudio/v4/developer/sdks/gecko_sdk_suite/v2.7//platform/bootloader/build/lib/libparser_efr32xg21_gcc.a(btl_ebl_parser.o)
 .text.gbl_writeProgData
                0x00001e20       0xa4 C:/SiliconLabs/SimplicityStudio/v4/developer/sdks/gecko_sdk_suite/v2.7//platform/bootloader/build/lib/libparser_efr32xg21_gcc.a(btl_ebl_parser.o)
                0x00001e20                gbl_writeProgData
 .text.parser_init
                0x00001ec4       0x8a C:/SiliconLabs/SimplicityStudio/v4/developer/sdks/gecko_sdk_suite/v2.7//platform/bootloader/build/lib/libparser_efr32xg21_gcc.a(btl_ebl_parser.o)
                0x00001ec4                parser_init
 *fill*         0x00001f4e        0x2 
 .text.parser_parse
                0x00001f50      0x960 C:/SiliconLabs/SimplicityStudio/v4/developer/sdks/gecko_sdk_suite/v2.7//platform/bootloader/build/lib/libparser_efr32xg21_gcc.a(btl_ebl_parser.o)
                0x00001f50                parser_parse
 .text.memcmp   0x000028b0       0x1e c:/siliconlabs/simplicitystudio/v4/developer/toolchains/gnu_arm/7.2_2017q4/bin/../lib/gcc/arm-none-eabi/7.2.1/../../../../arm-none-eabi/lib/thumb/v8-m.main/fpv5-sp/softfp\libc_nano.a(lib_a-memcmp.o)
                0x000028b0                memcmp
 .text.memcpy   0x000028ce       0x16 c:/siliconlabs/simplicitystudio/v4/developer/toolchains/gnu_arm/7.2_2017q4/bin/../lib/gcc/arm-none-eabi/7.2.1/../../../../arm-none-eabi/lib/thumb/v8-m.main/fpv5-sp/softfp\libc_nano.a(lib_a-memcpy-stub.o)
                0x000028ce                memcpy
 .text.memset   0x000028e4       0x10 c:/siliconlabs/simplicitystudio/v4/developer/toolchains/gnu_arm/7.2_2017q4/bin/../lib/gcc/arm-none-eabi/7.2.1/../../../../arm-none-eabi/lib/thumb/v8-m.main/fpv5-sp/softfp\libc_nano.a(lib_a-memset.o)
                0x000028e4                memset
 *(.init)
 .init          0x000028f4        0x4 c:/siliconlabs/simplicitystudio/v4/developer/toolchains/gnu_arm/7.2_2017q4/bin/../lib/gcc/arm-none-eabi/7.2.1/thumb/v8-m.main/fpv5-sp/softfp/crti.o
                0x000028f4                _init
 .init          0x000028f8        0x8 c:/siliconlabs/simplicitystudio/v4/developer/toolchains/gnu_arm/7.2_2017q4/bin/../lib/gcc/arm-none-eabi/7.2.1/thumb/v8-m.main/fpv5-sp/softfp/crtn.o
 *(.fini)
 .fini          0x00002900        0x4 c:/siliconlabs/simplicitystudio/v4/developer/toolchains/gnu_arm/7.2_2017q4/bin/../lib/gcc/arm-none-eabi/7.2.1/thumb/v8-m.main/fpv5-sp/softfp/crti.o
                0x00002900                _fini
 .fini          0x00002904        0x8 c:/siliconlabs/simplicitystudio/v4/developer/toolchains/gnu_arm/7.2_2017q4/bin/../lib/gcc/arm-none-eabi/7.2.1/thumb/v8-m.main/fpv5-sp/softfp/crtn.o
 *crtbegin.o(.ctors)
 *crtbegin?.o(.ctors)
 *(EXCLUDE_FILE(*crtend.o *crtend?.o) .ctors)
 *(SORT_BY_NAME(.ctors.*))
 *(.ctors)
 *crtbegin.o(.dtors)
 *crtbegin?.o(.dtors)
 *(EXCLUDE_FILE(*crtend.o *crtend?.o) .dtors)
 *(SORT_BY_NAME(.dtors.*))
 *(.dtors)
 *(.rodata*)
 .rodata        0x0000290c       0x11 ./core/btl_driver_util.o
 *fill*         0x0000291d        0x3 
 .rodata.mainStageTable
                0x00002920       0x34 ./core/btl_main.o
                0x00002920                mainStageTable
 .rodata.sl_app_properties
                0x00002954       0x40 ./core/btl_main.o
                0x00002954                sl_app_properties
 .rodata.init_state_sha1
                0x00002994       0x20 ./mbedtls/shax.o
 .rodata.init_state_sha224
                0x000029b4       0x20 ./mbedtls/shax.o
 .rodata.init_state_sha256
                0x000029d4       0x20 ./mbedtls/shax.o
 .rodata.shax_padding
                0x000029f4       0x40 ./mbedtls/shax.o
 .rodata.ldmaRxDesc
                0x00002a34       0x40 ./uart-driver/btl_driver_uart.o
 .rodata.CSWTCH.14
                0x00002a74        0x3 ./xmodem-uart/btl_comm_xmodem.o
 .rodata.bootError
                0x00002a77       0x13 ./xmodem-uart/btl_comm_xmodem.o
 .rodata.communication_start.str1.1
                0x00002a8a       0x45 ./xmodem-uart/btl_comm_xmodem.o
 .rodata.fileError
                0x00002acf       0x10 ./xmodem-uart/btl_comm_xmodem.o
 *fill*         0x00002adf        0x1 
 .rodata.parseCb
                0x00002ae0       0x10 ./xmodem-uart/btl_comm_xmodem.o
 .rodata.transferAbortedStr
                0x00002af0       0x1a ./xmodem-uart/btl_comm_xmodem.o
 .rodata.transferCompleteStr
                0x00002b0a       0x1b ./xmodem-uart/btl_comm_xmodem.o
 .rodata.transferInitStr
                0x00002b25       0x11 ./xmodem-uart/btl_comm_xmodem.o
 .rodata.xmodemError
                0x00002b36       0x18 ./xmodem-uart/btl_comm_xmodem.o
 .rodata        0x00002b4e       0x10 C:/SiliconLabs/SimplicityStudio/v4/developer/sdks/gecko_sdk_suite/v2.7//platform/bootloader/build/lib/libbootloader_efr32xg21_gcc.a(btl_bootload.o)
 *(.eh_frame*)
 *fill*         0x00002b5e        0x2 
 .eh_frame      0x00002b60        0x0 c:/siliconlabs/simplicitystudio/v4/developer/toolchains/gnu_arm/7.2_2017q4/bin/../lib/gcc/arm-none-eabi/7.2.1/thumb/v8-m.main/fpv5-sp/softfp/crtbegin.o
 .eh_frame      0x00002b60        0x4 c:/siliconlabs/simplicitystudio/v4/developer/toolchains/gnu_arm/7.2_2017q4/bin/../lib/gcc/arm-none-eabi/7.2.1/thumb/v8-m.main/fpv5-sp/softfp/crtend.o

.glue_7         0x00002b64        0x0
 .glue_7        0x00002b64        0x0 linker stubs

.glue_7t        0x00002b64        0x0
 .glue_7t       0x00002b64        0x0 linker stubs

.vfp11_veneer   0x00002b64        0x0
 .vfp11_veneer  0x00002b64        0x0 linker stubs

.v4_bx          0x00002b64        0x0
 .v4_bx         0x00002b64        0x0 linker stubs

.iplt           0x00002b64        0x0
 .iplt          0x00002b64        0x0 c:/siliconlabs/simplicitystudio/v4/developer/toolchains/gnu_arm/7.2_2017q4/bin/../lib/gcc/arm-none-eabi/7.2.1/thumb/v8-m.main/fpv5-sp/softfp/crtbegin.o

.rel.dyn        0x00002b64        0x0
 .rel.iplt      0x00002b64        0x0 c:/siliconlabs/simplicitystudio/v4/developer/toolchains/gnu_arm/7.2_2017q4/bin/../lib/gcc/arm-none-eabi/7.2.1/thumb/v8-m.main/fpv5-sp/softfp/crtbegin.o

.ARM.extab
 *(.ARM.extab* .gnu.linkonce.armextab.*)
                0x00002b64                __exidx_start = .

.ARM.exidx
 *(.ARM.exidx* .gnu.linkonce.armexidx.*)
                0x00002b64                __exidx_end = .
                0x00002b64                __etext = .

.crashinfo      0x20000000      0x100
                0x20000100                . = (. + 0x100)
 *fill*         0x20000000      0x100 

.data           0x20000100       0x18 load address 0x00002b64
                0x20000100                __data_start__ = .
 *(vtable)
 *(.data*)
 .data.ldmaTxDesc
                0x20000100       0x10 ./uart-driver/btl_driver_uart.o
                0x20000110                . = ALIGN (0x4)
 *(.ram)
                0x20000110                . = ALIGN (0x4)
                0x20000110                PROVIDE (__preinit_array_start, .)
 *(.preinit_array)
                0x20000110                PROVIDE (__preinit_array_end, .)
                0x20000110                . = ALIGN (0x4)
                0x20000110                PROVIDE (__init_array_start, .)
 *(SORT_BY_NAME(.init_array.*))
 *(.init_array)
 .init_array    0x20000110        0x4 c:/siliconlabs/simplicitystudio/v4/developer/toolchains/gnu_arm/7.2_2017q4/bin/../lib/gcc/arm-none-eabi/7.2.1/thumb/v8-m.main/fpv5-sp/softfp/crtbegin.o
                0x20000114                PROVIDE (__init_array_end, .)
                0x20000114                . = ALIGN (0x4)
                [!provide]                PROVIDE (__fini_array_start, .)
 *(SORT_BY_NAME(.fini_array.*))
 *(.fini_array)
 .fini_array    0x20000114        0x4 c:/siliconlabs/simplicitystudio/v4/developer/toolchains/gnu_arm/7.2_2017q4/bin/../lib/gcc/arm-none-eabi/7.2.1/thumb/v8-m.main/fpv5-sp/softfp/crtbegin.o
                [!provide]                PROVIDE (__fini_array_end, .)
 *(.jcr*)
                0x20000118                . = ALIGN (0x4)
                0x20000118                __data_end__ = .
                0x00002b7c                __rom_end__ = (__etext + SIZEOF (.data))

.igot.plt       0x20000118        0x0 load address 0x00002b7c
 .igot.plt      0x20000118        0x0 c:/siliconlabs/simplicitystudio/v4/developer/toolchains/gnu_arm/7.2_2017q4/bin/../lib/gcc/arm-none-eabi/7.2.1/thumb/v8-m.main/fpv5-sp/softfp/crtbegin.o

.bss            0x20000118      0x2d8 load address 0x00002b7c
                0x20000118                . = ALIGN (0x4)
                0x20000118                __bss_start__ = .
 *(.bss*)
 .bss           0x20000118       0x1c c:/siliconlabs/simplicitystudio/v4/developer/toolchains/gnu_arm/7.2_2017q4/bin/../lib/gcc/arm-none-eabi/7.2.1/thumb/v8-m.main/fpv5-sp/softfp/crtbegin.o
 .bss.delayTarget
                0x20000134        0x2 ./delay-driver/btl_driver_delay.o
 .bss.expectOverflow
                0x20000136        0x1 ./delay-driver/btl_driver_delay.o
 *fill*         0x20000137        0x1 
 .bss.ticksPerMillisecond
                0x20000138        0x4 ./delay-driver/btl_driver_delay.o
 .bss.rxBuffer  0x2000013c      0x200 ./uart-driver/btl_driver_uart.o
 .bss.rxHead    0x2000033c        0x4 ./uart-driver/btl_driver_uart.o
 .bss.txBuffer  0x20000340       0x80 ./uart-driver/btl_driver_uart.o
 .bss.imageProps
                0x200003c0       0x2c ./xmodem-uart/btl_comm_xmodem.o
 .bss.packetNumber
                0x200003ec        0x1 ./xmodem-uart/btl_xmodem.o
 .bss.started   0x200003ed        0x1 ./xmodem-uart/btl_xmodem.o
 *(COMMON)
                0x200003f0                . = ALIGN (0x4)
 *fill*         0x200003ee        0x2 
                0x200003f0                __bss_end__ = .

.heap           0x200003f0      0xc00
                0x200003f0                __HeapBase = .
                0x200003f0                __end__ = .
                0x200003f0                end = __end__
                0x200003f0                _end = __end__
 *(.heap*)
 .heap          0x200003f0      0xc00 ./core/EFR32/gcc/main_btl_startup.o
                0x20000ff0                __HeapLimit = .

.stack_dummy    0x20000ff0     0x1000
 *(.stack*)
 .stack         0x20000ff0     0x1000 ./core/EFR32/gcc/main_btl_startup.o
                0x20008000                __StackTop = (ORIGIN (RAM) + LENGTH (RAM))
                0x20007000                __StackLimit = (__StackTop - SIZEOF (.stack_dummy))
                0x20008000                PROVIDE (__stack, __StackTop)
                0x00000001                ASSERT ((__StackLimit >= __HeapLimit), region RAM overflowed with stack)
                0x00000001                ASSERT (((LENGTH (FLASH) - 0x4) >= ((__etext + SIZEOF (.data)) - ORIGIN (FLASH))), FLASH memory overflowed !)
OUTPUT(bootloader-uart-xmodem.axf elf32-littlearm)

.ARM.attributes
                0x00000000       0x34
 .ARM.attributes
                0x00000000       0x26 c:/siliconlabs/simplicitystudio/v4/developer/toolchains/gnu_arm/7.2_2017q4/bin/../lib/gcc/arm-none-eabi/7.2.1/thumb/v8-m.main/fpv5-sp/softfp/crti.o
 .ARM.attributes
                0x00000026       0x36 c:/siliconlabs/simplicitystudio/v4/developer/toolchains/gnu_arm/7.2_2017q4/bin/../lib/gcc/arm-none-eabi/7.2.1/thumb/v8-m.main/fpv5-sp/softfp/crtbegin.o
 .ARM.attributes
                0x0000005c       0x3a ./CMSIS/system_efr32mg21.o
 .ARM.attributes
                0x00000096       0x3a ./core/EFR32/gcc/main_btl_startup.o
 .ARM.attributes
                0x000000d0       0x3a ./core/btl_core.o
 .ARM.attributes
                0x0000010a       0x3a ./core/btl_driver_util.o
 .ARM.attributes
                0x00000144       0x3a ./core/btl_main.o
 .ARM.attributes
                0x0000017e       0x3a ./crc/btl_crc16.o
 .ARM.attributes
                0x000001b8       0x3a ./crc/btl_crc32.o
 .ARM.attributes
                0x000001f2       0x3a ./crypto/btl_security_aes.o
 .ARM.attributes
                0x0000022c       0x3a ./crypto/btl_security_ecdsa.o
 .ARM.attributes
                0x00000266       0x3a ./crypto/btl_security_sha256.o
 .ARM.attributes
                0x000002a0       0x3a ./delay-driver/btl_driver_delay.o
 .ARM.attributes
                0x000002da       0x3a ./emlib/em_gpio.o
 .ARM.attributes
                0x00000314       0x3a ./emlib/em_msc.o
 .ARM.attributes
                0x0000034e       0x3a ./emlib/em_se.o
 .ARM.attributes
                0x00000388       0x3a ./emlib/em_system.o
 .ARM.attributes
                0x000003c2       0x3a ./emlib/em_timer.o
 .ARM.attributes
                0x000003fc       0x3a ./gpio-activation/btl_gpio_activation.o
 .ARM.attributes
                0x00000436       0x3a ./mbedtls/se_aes.o
 .ARM.attributes
                0x00000470       0x3a ./mbedtls/se_management.o
 .ARM.attributes
                0x000004aa       0x3a ./mbedtls/se_sha.o
 .ARM.attributes
                0x000004e4       0x3a ./mbedtls/shax.o
 .ARM.attributes
                0x0000051e       0x3a ./parser/btl_gbl_custom_tags.o
 .ARM.attributes
                0x00000558       0x3a ./parser/btl_image_parser.o
 .ARM.attributes
                0x00000592       0x3a ./token-management/btl_security_tokens.o
 .ARM.attributes
                0x000005cc       0x3a ./uart-driver/btl_driver_uart.o
 .ARM.attributes
                0x00000606       0x3a ./xmodem-uart/btl_comm_xmodem.o
 .ARM.attributes
                0x00000640       0x3a ./xmodem-uart/btl_xmodem.o
 .ARM.attributes
                0x0000067a       0x3a C:/SiliconLabs/SimplicityStudio/v4/developer/sdks/gecko_sdk_suite/v2.7//platform/bootloader/build/lib/libbootloader_efr32xg21_gcc.a(btl_bootload.o)
 .ARM.attributes
                0x000006b4       0x3a C:/SiliconLabs/SimplicityStudio/v4/developer/sdks/gecko_sdk_suite/v2.7//platform/bootloader/build/lib/libbootloader_efr32xg21_gcc.a(btl_parse.o)
 .ARM.attributes
                0x000006ee       0x3a C:/SiliconLabs/SimplicityStudio/v4/developer/sdks/gecko_sdk_suite/v2.7//platform/bootloader/build/lib/libbootloader_efr32xg21_gcc.a(btl_reset.o)
 .ARM.attributes
                0x00000728       0x3a C:/SiliconLabs/SimplicityStudio/v4/developer/sdks/gecko_sdk_suite/v2.7//platform/bootloader/build/lib/libbootloader_efr32xg21_gcc.a(btl_internal_flash.o)
 .ARM.attributes
                0x00000762       0x3a C:/SiliconLabs/SimplicityStudio/v4/developer/sdks/gecko_sdk_suite/v2.7//platform/bootloader/build/lib/libparser_efr32xg21_gcc.a(btl_ebl_parser.o)
 .ARM.attributes
                0x0000079c       0x36 c:/siliconlabs/simplicitystudio/v4/developer/toolchains/gnu_arm/7.2_2017q4/bin/../lib/gcc/arm-none-eabi/7.2.1/../../../../arm-none-eabi/lib/thumb/v8-m.main/fpv5-sp/softfp\libc_nano.a(lib_a-memcmp.o)
 .ARM.attributes
                0x000007d2       0x36 c:/siliconlabs/simplicitystudio/v4/developer/toolchains/gnu_arm/7.2_2017q4/bin/../lib/gcc/arm-none-eabi/7.2.1/../../../../arm-none-eabi/lib/thumb/v8-m.main/fpv5-sp/softfp\libc_nano.a(lib_a-memcpy-stub.o)
 .ARM.attributes
                0x00000808       0x36 c:/siliconlabs/simplicitystudio/v4/developer/toolchains/gnu_arm/7.2_2017q4/bin/../lib/gcc/arm-none-eabi/7.2.1/../../../../arm-none-eabi/lib/thumb/v8-m.main/fpv5-sp/softfp\libc_nano.a(lib_a-memset.o)
 .ARM.attributes
                0x0000083e       0x36 c:/siliconlabs/simplicitystudio/v4/developer/toolchains/gnu_arm/7.2_2017q4/bin/../lib/gcc/arm-none-eabi/7.2.1/thumb/v8-m.main/fpv5-sp/softfp/crtend.o
 .ARM.attributes
                0x00000874       0x26 c:/siliconlabs/simplicitystudio/v4/developer/toolchains/gnu_arm/7.2_2017q4/bin/../lib/gcc/arm-none-eabi/7.2.1/thumb/v8-m.main/fpv5-sp/softfp/crtn.o

.comment        0x00000000       0x7e
 .comment       0x00000000       0x7e ./CMSIS/system_efr32mg21.o
                                 0x7f (size before relaxing)
 .comment       0x0000007e       0x7f ./core/EFR32/gcc/main_btl_startup.o
 .comment       0x0000007e       0x7f ./core/btl_core.o
 .comment       0x0000007e       0x7f ./core/btl_driver_util.o
 .comment       0x0000007e       0x7f ./core/btl_main.o
 .comment       0x0000007e       0x7f ./crc/btl_crc16.o
 .comment       0x0000007e       0x7f ./crc/btl_crc32.o
 .comment       0x0000007e       0x7f ./crypto/btl_security_aes.o
 .comment       0x0000007e       0x7f ./crypto/btl_security_ecdsa.o
 .comment       0x0000007e       0x7f ./crypto/btl_security_sha256.o
 .comment       0x0000007e       0x7f ./delay-driver/btl_driver_delay.o
 .comment       0x0000007e       0x7f ./emlib/em_gpio.o
 .comment       0x0000007e       0x7f ./emlib/em_msc.o
 .comment       0x0000007e       0x7f ./emlib/em_se.o
 .comment       0x0000007e       0x7f ./emlib/em_system.o
 .comment       0x0000007e       0x7f ./emlib/em_timer.o
 .comment       0x0000007e       0x7f ./gpio-activation/btl_gpio_activation.o
 .comment       0x0000007e       0x7f ./mbedtls/se_aes.o
 .comment       0x0000007e       0x7f ./mbedtls/se_management.o
 .comment       0x0000007e       0x7f ./mbedtls/se_sha.o
 .comment       0x0000007e       0x7f ./mbedtls/shax.o
 .comment       0x0000007e       0x7f ./parser/btl_gbl_custom_tags.o
 .comment       0x0000007e       0x7f ./parser/btl_image_parser.o
 .comment       0x0000007e       0x7f ./token-management/btl_security_tokens.o
 .comment       0x0000007e       0x7f ./uart-driver/btl_driver_uart.o
 .comment       0x0000007e       0x7f ./xmodem-uart/btl_comm_xmodem.o
 .comment       0x0000007e       0x7f ./xmodem-uart/btl_xmodem.o
 .comment       0x0000007e       0x7f C:/SiliconLabs/SimplicityStudio/v4/developer/sdks/gecko_sdk_suite/v2.7//platform/bootloader/build/lib/libbootloader_efr32xg21_gcc.a(btl_bootload.o)
 .comment       0x0000007e       0x7f C:/SiliconLabs/SimplicityStudio/v4/developer/sdks/gecko_sdk_suite/v2.7//platform/bootloader/build/lib/libbootloader_efr32xg21_gcc.a(btl_parse.o)
 .comment       0x0000007e       0x7f C:/SiliconLabs/SimplicityStudio/v4/developer/sdks/gecko_sdk_suite/v2.7//platform/bootloader/build/lib/libbootloader_efr32xg21_gcc.a(btl_reset.o)
 .comment       0x0000007e       0x7f C:/SiliconLabs/SimplicityStudio/v4/developer/sdks/gecko_sdk_suite/v2.7//platform/bootloader/build/lib/libbootloader_efr32xg21_gcc.a(btl_internal_flash.o)
 .comment       0x0000007e       0x7f C:/SiliconLabs/SimplicityStudio/v4/developer/sdks/gecko_sdk_suite/v2.7//platform/bootloader/build/lib/libparser_efr32xg21_gcc.a(btl_ebl_parser.o)

.debug_info     0x00000000    0x1d6c4
 .debug_info    0x00000000     0x137c ./CMSIS/system_efr32mg21.o
 .debug_info    0x0000137c      0xaa3 ./core/EFR32/gcc/main_btl_startup.o
 .debug_info    0x00001e1f      0x184 ./core/btl_core.o
 .debug_info    0x00001fa3     0x2361 ./core/btl_driver_util.o
 .debug_info    0x00004304     0x2983 ./core/btl_main.o
 .debug_info    0x00006c87      0x152 ./crc/btl_crc16.o
 .debug_info    0x00006dd9      0x4ba ./crc/btl_crc32.o
 .debug_info    0x00007293      0xe11 ./crypto/btl_security_aes.o
 .debug_info    0x000080a4      0xe3d ./crypto/btl_security_ecdsa.o
 .debug_info    0x00008ee1      0x3f6 ./crypto/btl_security_sha256.o
 .debug_info    0x000092d7      0xb2a ./delay-driver/btl_driver_delay.o
 .debug_info    0x00009e01     0x1bc9 ./emlib/em_gpio.o
 .debug_info    0x0000b9ca     0x1c79 ./emlib/em_msc.o
 .debug_info    0x0000d643     0x1004 ./emlib/em_se.o
 .debug_info    0x0000e647      0x816 ./emlib/em_system.o
 .debug_info    0x0000ee5d     0x26be ./emlib/em_timer.o
 .debug_info    0x0001151b     0x1151 ./gpio-activation/btl_gpio_activation.o
 .debug_info    0x0001266c     0x17ad ./mbedtls/se_aes.o
 .debug_info    0x00013e19      0xa4e ./mbedtls/se_management.o
 .debug_info    0x00014867      0xe58 ./mbedtls/se_sha.o
 .debug_info    0x000156bf     0x174e ./mbedtls/shax.o
 .debug_info    0x00016e0d      0x5e9 ./parser/btl_gbl_custom_tags.o
 .debug_info    0x000173f6      0x8d0 ./parser/btl_image_parser.o
 .debug_info    0x00017cc6      0x253 ./token-management/btl_security_tokens.o
 .debug_info    0x00017f19     0x353d ./uart-driver/btl_driver_uart.o
 .debug_info    0x0001b456     0x1fc7 ./xmodem-uart/btl_comm_xmodem.o
 .debug_info    0x0001d41d      0x2a7 ./xmodem-uart/btl_xmodem.o

.debug_abbrev   0x00000000     0x3d7e
 .debug_abbrev  0x00000000      0x29b ./CMSIS/system_efr32mg21.o
 .debug_abbrev  0x0000029b      0x1c8 ./core/EFR32/gcc/main_btl_startup.o
 .debug_abbrev  0x00000463       0xf9 ./core/btl_core.o
 .debug_abbrev  0x0000055c      0x19d ./core/btl_driver_util.o
 .debug_abbrev  0x000006f9      0x39c ./core/btl_main.o
 .debug_abbrev  0x00000a95       0xab ./crc/btl_crc16.o
 .debug_abbrev  0x00000b40      0x10a ./crc/btl_crc32.o
 .debug_abbrev  0x00000c4a      0x263 ./crypto/btl_security_aes.o
 .debug_abbrev  0x00000ead      0x275 ./crypto/btl_security_ecdsa.o
 .debug_abbrev  0x00001122      0x1ae ./crypto/btl_security_sha256.o
 .debug_abbrev  0x000012d0      0x219 ./delay-driver/btl_driver_delay.o
 .debug_abbrev  0x000014e9      0x312 ./emlib/em_gpio.o
 .debug_abbrev  0x000017fb      0x31c ./emlib/em_msc.o
 .debug_abbrev  0x00001b17      0x28a ./emlib/em_se.o
 .debug_abbrev  0x00001da1      0x192 ./emlib/em_system.o
 .debug_abbrev  0x00001f33      0x31b ./emlib/em_timer.o
 .debug_abbrev  0x0000224e      0x227 ./gpio-activation/btl_gpio_activation.o
 .debug_abbrev  0x00002475      0x3ca ./mbedtls/se_aes.o
 .debug_abbrev  0x0000283f      0x1b6 ./mbedtls/se_management.o
 .debug_abbrev  0x000029f5      0x2ae ./mbedtls/se_sha.o
 .debug_abbrev  0x00002ca3      0x3f8 ./mbedtls/shax.o
 .debug_abbrev  0x0000309b      0x15b ./parser/btl_gbl_custom_tags.o
 .debug_abbrev  0x000031f6      0x19f ./parser/btl_image_parser.o
 .debug_abbrev  0x00003395      0x13e ./token-management/btl_security_tokens.o
 .debug_abbrev  0x000034d3      0x3a4 ./uart-driver/btl_driver_uart.o
 .debug_abbrev  0x00003877      0x393 ./xmodem-uart/btl_comm_xmodem.o
 .debug_abbrev  0x00003c0a      0x174 ./xmodem-uart/btl_xmodem.o

.debug_loc      0x00000000     0x4dfd
 .debug_loc     0x00000000      0x120 ./CMSIS/system_efr32mg21.o
 .debug_loc     0x00000120       0x63 ./core/EFR32/gcc/main_btl_startup.o
 .debug_loc     0x00000183       0xaa ./core/btl_driver_util.o
 .debug_loc     0x0000022d      0x29d ./core/btl_main.o
 .debug_loc     0x000004ca      0x188 ./crc/btl_crc16.o
 .debug_loc     0x00000652       0xb4 ./crc/btl_crc32.o
 .debug_loc     0x00000706      0x401 ./crypto/btl_security_aes.o
 .debug_loc     0x00000b07      0x115 ./crypto/btl_security_ecdsa.o
 .debug_loc     0x00000c1c      0x2d1 ./crypto/btl_security_sha256.o
 .debug_loc     0x00000eed      0x125 ./delay-driver/btl_driver_delay.o
 .debug_loc     0x00001012      0x527 ./emlib/em_gpio.o
 .debug_loc     0x00001539      0x782 ./emlib/em_msc.o
 .debug_loc     0x00001cbb      0x793 ./emlib/em_se.o
 .debug_loc     0x0000244e       0x70 ./emlib/em_system.o
 .debug_loc     0x000024be      0x403 ./emlib/em_timer.o
 .debug_loc     0x000028c1       0x7a ./gpio-activation/btl_gpio_activation.o
 .debug_loc     0x0000293b      0xbb8 ./mbedtls/se_aes.o
 .debug_loc     0x000034f3       0xff ./mbedtls/se_sha.o
 .debug_loc     0x000035f2      0xc6e ./mbedtls/shax.o
 .debug_loc     0x00004260       0x42 ./parser/btl_gbl_custom_tags.o
 .debug_loc     0x000042a2       0x21 ./parser/btl_image_parser.o
 .debug_loc     0x000042c3       0x98 ./token-management/btl_security_tokens.o
 .debug_loc     0x0000435b      0x594 ./uart-driver/btl_driver_uart.o
 .debug_loc     0x000048ef      0x3d5 ./xmodem-uart/btl_comm_xmodem.o
 .debug_loc     0x00004cc4      0x139 ./xmodem-uart/btl_xmodem.o

.debug_aranges  0x00000000      0x708
 .debug_aranges
                0x00000000       0x90 ./CMSIS/system_efr32mg21.o
 .debug_aranges
                0x00000090       0x28 ./core/EFR32/gcc/main_btl_startup.o
 .debug_aranges
                0x000000b8       0x20 ./core/btl_core.o
 .debug_aranges
                0x000000d8       0x28 ./core/btl_driver_util.o
 .debug_aranges
                0x00000100       0x38 ./core/btl_main.o
 .debug_aranges
                0x00000138       0x28 ./crc/btl_crc16.o
 .debug_aranges
                0x00000160       0x20 ./crc/btl_crc32.o
 .debug_aranges
                0x00000180       0x40 ./crypto/btl_security_aes.o
 .debug_aranges
                0x000001c0       0x20 ./crypto/btl_security_ecdsa.o
 .debug_aranges
                0x000001e0       0x38 ./crypto/btl_security_sha256.o
 .debug_aranges
                0x00000218       0x38 ./delay-driver/btl_driver_delay.o
 .debug_aranges
                0x00000250       0x40 ./emlib/em_gpio.o
 .debug_aranges
                0x00000290       0x68 ./emlib/em_msc.o
 .debug_aranges
                0x000002f8       0xa8 ./emlib/em_se.o
 .debug_aranges
                0x000003a0       0x28 ./emlib/em_system.o
 .debug_aranges
                0x000003c8       0x48 ./emlib/em_timer.o
 .debug_aranges
                0x00000410       0x20 ./gpio-activation/btl_gpio_activation.o
 .debug_aranges
                0x00000430       0x60 ./mbedtls/se_aes.o
 .debug_aranges
                0x00000490       0x20 ./mbedtls/se_management.o
 .debug_aranges
                0x000004b0       0x20 ./mbedtls/se_sha.o
 .debug_aranges
                0x000004d0       0xc8 ./mbedtls/shax.o
 .debug_aranges
                0x00000598       0x28 ./parser/btl_gbl_custom_tags.o
 .debug_aranges
                0x000005c0       0x40 ./parser/btl_image_parser.o
 .debug_aranges
                0x00000600       0x30 ./token-management/btl_security_tokens.o
 .debug_aranges
                0x00000630       0x68 ./uart-driver/btl_driver_uart.o
 .debug_aranges
                0x00000698       0x40 ./xmodem-uart/btl_comm_xmodem.o
 .debug_aranges
                0x000006d8       0x30 ./xmodem-uart/btl_xmodem.o

.debug_ranges   0x00000000      0x950
 .debug_ranges  0x00000000       0x80 ./CMSIS/system_efr32mg21.o
 .debug_ranges  0x00000080       0x18 ./core/EFR32/gcc/main_btl_startup.o
 .debug_ranges  0x00000098       0x10 ./core/btl_core.o
 .debug_ranges  0x000000a8       0x18 ./core/btl_driver_util.o
 .debug_ranges  0x000000c0       0x40 ./core/btl_main.o
 .debug_ranges  0x00000100       0x18 ./crc/btl_crc16.o
 .debug_ranges  0x00000118       0x10 ./crc/btl_crc32.o
 .debug_ranges  0x00000128       0x30 ./crypto/btl_security_aes.o
 .debug_ranges  0x00000158       0x10 ./crypto/btl_security_ecdsa.o
 .debug_ranges  0x00000168       0x40 ./crypto/btl_security_sha256.o
 .debug_ranges  0x000001a8       0x28 ./delay-driver/btl_driver_delay.o
 .debug_ranges  0x000001d0      0x148 ./emlib/em_gpio.o
 .debug_ranges  0x00000318       0x88 ./emlib/em_msc.o
 .debug_ranges  0x000003a0       0xf8 ./emlib/em_se.o
 .debug_ranges  0x00000498       0x18 ./emlib/em_system.o
 .debug_ranges  0x000004b0       0x70 ./emlib/em_timer.o
 .debug_ranges  0x00000520       0x58 ./gpio-activation/btl_gpio_activation.o
 .debug_ranges  0x00000578       0xe8 ./mbedtls/se_aes.o
 .debug_ranges  0x00000660       0x10 ./mbedtls/se_management.o
 .debug_ranges  0x00000670       0x10 ./mbedtls/se_sha.o
 .debug_ranges  0x00000680      0x110 ./mbedtls/shax.o
 .debug_ranges  0x00000790       0x18 ./parser/btl_gbl_custom_tags.o
 .debug_ranges  0x000007a8       0x30 ./parser/btl_image_parser.o
 .debug_ranges  0x000007d8       0x20 ./token-management/btl_security_tokens.o
 .debug_ranges  0x000007f8       0xa0 ./uart-driver/btl_driver_uart.o
 .debug_ranges  0x00000898       0x98 ./xmodem-uart/btl_comm_xmodem.o
 .debug_ranges  0x00000930       0x20 ./xmodem-uart/btl_xmodem.o

.debug_macro    0x00000000    0x3597e
 .debug_macro   0x00000000      0x2ba ./CMSIS/system_efr32mg21.o
 .debug_macro   0x000002ba      0xa96 ./CMSIS/system_efr32mg21.o
 .debug_macro   0x00000d50       0x22 ./CMSIS/system_efr32mg21.o
 .debug_macro   0x00000d72       0x4f ./CMSIS/system_efr32mg21.o
 .debug_macro   0x00000dc1       0x51 ./CMSIS/system_efr32mg21.o
 .debug_macro   0x00000e12       0xef ./CMSIS/system_efr32mg21.o
 .debug_macro   0x00000f01       0x6a ./CMSIS/system_efr32mg21.o
 .debug_macro   0x00000f6b      0x1df ./CMSIS/system_efr32mg21.o
 .debug_macro   0x0000114a      0x6af ./CMSIS/system_efr32mg21.o
 .debug_macro   0x000017f9       0x1c ./CMSIS/system_efr32mg21.o
 .debug_macro   0x00001815       0x29 ./CMSIS/system_efr32mg21.o
 .debug_macro   0x0000183e       0xdf ./CMSIS/system_efr32mg21.o
 .debug_macro   0x0000191d     0x1401 ./CMSIS/system_efr32mg21.o
 .debug_macro   0x00002d1e       0x5e ./CMSIS/system_efr32mg21.o
 .debug_macro   0x00002d7c      0xc3b ./CMSIS/system_efr32mg21.o
 .debug_macro   0x000039b7      0xaba ./CMSIS/system_efr32mg21.o
 .debug_macro   0x00004471      0x813 ./CMSIS/system_efr32mg21.o
 .debug_macro   0x00004c84      0x300 ./CMSIS/system_efr32mg21.o
 .debug_macro   0x00004f84       0x34 ./CMSIS/system_efr32mg21.o
 .debug_macro   0x00004fb8      0x304 ./CMSIS/system_efr32mg21.o
 .debug_macro   0x000052bc      0x456 ./CMSIS/system_efr32mg21.o
 .debug_macro   0x00005712      0x240 ./CMSIS/system_efr32mg21.o
 .debug_macro   0x00005952      0x156 ./CMSIS/system_efr32mg21.o
 .debug_macro   0x00005aa8      0x6e6 ./CMSIS/system_efr32mg21.o
 .debug_macro   0x0000618e      0x363 ./CMSIS/system_efr32mg21.o
 .debug_macro   0x000064f1     0x14e6 ./CMSIS/system_efr32mg21.o
 .debug_macro   0x000079d7       0x10 ./CMSIS/system_efr32mg21.o
 .debug_macro   0x000079e7      0x791 ./CMSIS/system_efr32mg21.o
 .debug_macro   0x00008178     0x1fd8 ./CMSIS/system_efr32mg21.o
 .debug_macro   0x0000a150      0xcb2 ./CMSIS/system_efr32mg21.o
 .debug_macro   0x0000ae02       0x4c ./CMSIS/system_efr32mg21.o
 .debug_macro   0x0000ae4e     0x15b8 ./CMSIS/system_efr32mg21.o
 .debug_macro   0x0000c406     0x212d ./CMSIS/system_efr32mg21.o
 .debug_macro   0x0000e533      0x53c ./CMSIS/system_efr32mg21.o
 .debug_macro   0x0000ea6f      0xfe5 ./CMSIS/system_efr32mg21.o
 .debug_macro   0x0000fa54       0x10 ./CMSIS/system_efr32mg21.o
 .debug_macro   0x0000fa64      0x7f0 ./CMSIS/system_efr32mg21.o
 .debug_macro   0x00010254       0x34 ./CMSIS/system_efr32mg21.o
 .debug_macro   0x00010288      0x308 ./CMSIS/system_efr32mg21.o
 .debug_macro   0x00010590      0x63c ./CMSIS/system_efr32mg21.o
 .debug_macro   0x00010bcc      0x80a ./CMSIS/system_efr32mg21.o
 .debug_macro   0x000113d6     0x12a1 ./CMSIS/system_efr32mg21.o
 .debug_macro   0x00012677      0x76b ./CMSIS/system_efr32mg21.o
 .debug_macro   0x00012de2      0x8f3 ./CMSIS/system_efr32mg21.o
 .debug_macro   0x000136d5     0x132d ./CMSIS/system_efr32mg21.o
 .debug_macro   0x00014a02      0xd92 ./CMSIS/system_efr32mg21.o
 .debug_macro   0x00015794      0x688 ./CMSIS/system_efr32mg21.o
 .debug_macro   0x00015e1c      0x425 ./CMSIS/system_efr32mg21.o
 .debug_macro   0x00016241      0x3c3 ./CMSIS/system_efr32mg21.o
 .debug_macro   0x00016604     0x243d ./CMSIS/system_efr32mg21.o
 .debug_macro   0x00018a41     0x12c4 ./CMSIS/system_efr32mg21.o
 .debug_macro   0x00019d05      0x319 ./CMSIS/system_efr32mg21.o
 .debug_macro   0x0001a01e     0x4b42 ./CMSIS/system_efr32mg21.o
 .debug_macro   0x0001eb60     0x151e ./CMSIS/system_efr32mg21.o
 .debug_macro   0x0002007e     0x217a ./CMSIS/system_efr32mg21.o
 .debug_macro   0x000221f8     0x77cd ./CMSIS/system_efr32mg21.o
 .debug_macro   0x000299c5     0x1440 ./CMSIS/system_efr32mg21.o
 .debug_macro   0x0002ae05     0x19a0 ./CMSIS/system_efr32mg21.o
 .debug_macro   0x0002c7a5      0x345 ./CMSIS/system_efr32mg21.o
 .debug_macro   0x0002caea      0xff5 ./CMSIS/system_efr32mg21.o
 .debug_macro   0x0002dadf      0x2f3 ./core/EFR32/gcc/main_btl_startup.o
 .debug_macro   0x0002ddd2      0x16d ./core/EFR32/gcc/main_btl_startup.o
 .debug_macro   0x0002df3f      0x212 ./core/EFR32/gcc/main_btl_startup.o
 .debug_macro   0x0002e151       0x58 ./core/EFR32/gcc/main_btl_startup.o
 .debug_macro   0x0002e1a9       0x8d ./core/EFR32/gcc/main_btl_startup.o
 .debug_macro   0x0002e236       0x22 ./core/EFR32/gcc/main_btl_startup.o
 .debug_macro   0x0002e258       0x3c ./core/EFR32/gcc/main_btl_startup.o
 .debug_macro   0x0002e294       0x90 ./core/EFR32/gcc/main_btl_startup.o
 .debug_macro   0x0002e324      0x355 ./core/btl_core.o
 .debug_macro   0x0002e679       0x1c ./core/btl_core.o
 .debug_macro   0x0002e695       0x18 ./core/btl_core.o
 .debug_macro   0x0002e6ad      0x134 ./core/btl_core.o
 .debug_macro   0x0002e7e1       0x1c ./core/btl_core.o
 .debug_macro   0x0002e7fd       0x10 ./core/btl_core.o
 .debug_macro   0x0002e80d       0xd6 ./core/btl_core.o
 .debug_macro   0x0002e8e3      0x1e4 ./core/btl_core.o
 .debug_macro   0x0002eac7      0x137 ./core/btl_core.o
 .debug_macro   0x0002ebfe      0x2e0 ./core/btl_driver_util.o
 .debug_macro   0x0002eede       0xeb ./core/btl_driver_util.o
 .debug_macro   0x0002efc9       0xdc ./core/btl_driver_util.o
 .debug_macro   0x0002f0a5       0x69 ./core/btl_driver_util.o
 .debug_macro   0x0002f10e       0x6b ./core/btl_driver_util.o
 .debug_macro   0x0002f179      0x51b ./core/btl_main.o
 .debug_macro   0x0002f694       0x2a ./core/btl_main.o
 .debug_macro   0x0002f6be       0x28 ./core/btl_main.o
 .debug_macro   0x0002f6e6       0x10 ./core/btl_main.o
 .debug_macro   0x0002f6f6      0x2b4 ./core/btl_main.o
 .debug_macro   0x0002f9aa       0x97 ./core/btl_main.o
 .debug_macro   0x0002fa41      0x37a ./core/btl_main.o
 .debug_macro   0x0002fdbb       0x58 ./core/btl_main.o
 .debug_macro   0x0002fe13      0x34d ./core/btl_main.o
 .debug_macro   0x00030160       0x25 ./core/btl_main.o
 .debug_macro   0x00030185       0xee ./core/btl_main.o
 .debug_macro   0x00030273       0x19 ./core/btl_main.o
 .debug_macro   0x0003028c       0x28 ./core/btl_main.o
 .debug_macro   0x000302b4       0x18 ./core/btl_main.o
 .debug_macro   0x000302cc       0x12 ./core/btl_main.o
 .debug_macro   0x000302de       0x12 ./core/btl_main.o
 .debug_macro   0x000302f0       0x40 ./core/btl_main.o
 .debug_macro   0x00030330       0x7c ./crc/btl_crc16.o
 .debug_macro   0x000303ac      0x2a2 ./crc/btl_crc32.o
 .debug_macro   0x0003064e       0x10 ./crc/btl_crc32.o
 .debug_macro   0x0003065e      0x54d ./crypto/btl_security_aes.o
 .debug_macro   0x00030bab       0x17 ./crypto/btl_security_aes.o
 .debug_macro   0x00030bc2       0x35 ./crypto/btl_security_aes.o
 .debug_macro   0x00030bf7       0x9c ./crypto/btl_security_aes.o
 .debug_macro   0x00030c93       0x58 ./crypto/btl_security_aes.o
 .debug_macro   0x00030ceb       0x1f ./crypto/btl_security_aes.o
 .debug_macro   0x00030d0a       0x43 ./crypto/btl_security_aes.o
 .debug_macro   0x00030d4d       0x20 ./crypto/btl_security_aes.o
 .debug_macro   0x00030d6d      0x18e ./crypto/btl_security_aes.o
 .debug_macro   0x00030efb       0x10 ./crypto/btl_security_aes.o
 .debug_macro   0x00030f0b       0x35 ./crypto/btl_security_aes.o
 .debug_macro   0x00030f40       0x3a ./crypto/btl_security_aes.o
 .debug_macro   0x00030f7a       0x1c ./crypto/btl_security_aes.o
 .debug_macro   0x00030f96       0x10 ./crypto/btl_security_aes.o
 .debug_macro   0x00030fa6       0x10 ./crypto/btl_security_aes.o
 .debug_macro   0x00030fb6       0xb6 ./crypto/btl_security_aes.o
 .debug_macro   0x0003106c       0x16 ./crypto/btl_security_aes.o
 .debug_macro   0x00031082      0x129 ./crypto/btl_security_aes.o
 .debug_macro   0x000311ab      0x36f ./crypto/btl_security_ecdsa.o
 .debug_macro   0x0003151a       0x10 ./crypto/btl_security_ecdsa.o
 .debug_macro   0x0003152a      0x3b0 ./crypto/btl_security_sha256.o
 .debug_macro   0x000318da      0x2f9 ./delay-driver/btl_driver_delay.o
 .debug_macro   0x00031bd3       0x7f ./delay-driver/btl_driver_delay.o
 .debug_macro   0x00031c52      0x2c1 ./emlib/em_gpio.o
 .debug_macro   0x00031f13      0x368 ./emlib/em_msc.o
 .debug_macro   0x0003227b       0x3f ./emlib/em_msc.o
 .debug_macro   0x000322ba      0x2dc ./emlib/em_se.o
 .debug_macro   0x00032596      0x2af ./emlib/em_system.o
 .debug_macro   0x00032845      0x2c7 ./emlib/em_timer.o
 .debug_macro   0x00032b0c       0x79 ./emlib/em_timer.o
 .debug_macro   0x00032b85      0x361 ./gpio-activation/btl_gpio_activation.o
 .debug_macro   0x00032ee6      0x435 ./mbedtls/se_aes.o
 .debug_macro   0x0003331b       0x16 ./mbedtls/se_aes.o
 .debug_macro   0x00033331      0x40a ./mbedtls/se_management.o
 .debug_macro   0x0003373b       0x1c ./mbedtls/se_management.o
 .debug_macro   0x00033757      0x45a ./mbedtls/se_sha.o
 .debug_macro   0x00033bb1       0x26 ./mbedtls/se_sha.o
 .debug_macro   0x00033bd7      0x442 ./mbedtls/shax.o
 .debug_macro   0x00034019      0x3b7 ./parser/btl_gbl_custom_tags.o
 .debug_macro   0x000343d0      0x354 ./parser/btl_image_parser.o
 .debug_macro   0x00034724      0x37e ./token-management/btl_security_tokens.o
 .debug_macro   0x00034aa2      0x3e0 ./uart-driver/btl_driver_uart.o
 .debug_macro   0x00034e82       0xf1 ./uart-driver/btl_driver_uart.o
 .debug_macro   0x00034f73       0xc0 ./uart-driver/btl_driver_uart.o
 .debug_macro   0x00035033      0x583 ./xmodem-uart/btl_comm_xmodem.o
 .debug_macro   0x000355b6       0x34 ./xmodem-uart/btl_comm_xmodem.o
 .debug_macro   0x000355ea      0x394 ./xmodem-uart/btl_xmodem.o

.debug_line     0x00000000    0x1368d
 .debug_line    0x00000000      0x916 ./CMSIS/system_efr32mg21.o
 .debug_line    0x00000916      0x8fc ./core/EFR32/gcc/main_btl_startup.o
 .debug_line    0x00001212      0xb47 ./core/btl_core.o
 .debug_line    0x00001d59      0x8cb ./core/btl_driver_util.o
 .debug_line    0x00002624     0x1204 ./core/btl_main.o
 .debug_line    0x00003828      0x2ea ./crc/btl_crc16.o
 .debug_line    0x00003b12      0x800 ./crc/btl_crc32.o
 .debug_line    0x00004312      0xfee ./crypto/btl_security_aes.o
 .debug_line    0x00005300      0x9bb ./crypto/btl_security_ecdsa.o
 .debug_line    0x00005cbb      0xc2b ./crypto/btl_security_sha256.o
 .debug_line    0x000068e6      0x938 ./delay-driver/btl_driver_delay.o
 .debug_line    0x0000721e      0x96d ./emlib/em_gpio.o
 .debug_line    0x00007b8b      0xa8b ./emlib/em_msc.o
 .debug_line    0x00008616      0xade ./emlib/em_se.o
 .debug_line    0x000090f4      0x879 ./emlib/em_system.o
 .debug_line    0x0000996d      0x9ab ./emlib/em_timer.o
 .debug_line    0x0000a318      0xc10 ./gpio-activation/btl_gpio_activation.o
 .debug_line    0x0000af28      0xdce ./mbedtls/se_aes.o
 .debug_line    0x0000bcf6      0xb55 ./mbedtls/se_management.o
 .debug_line    0x0000c84b      0xbb7 ./mbedtls/se_sha.o
 .debug_line    0x0000d402      0xd6d ./mbedtls/shax.o
 .debug_line    0x0000e16f      0xd32 ./parser/btl_gbl_custom_tags.o
 .debug_line    0x0000eea1      0xbfd ./parser/btl_image_parser.o
 .debug_line    0x0000fa9e      0xbfb ./token-management/btl_security_tokens.o
 .debug_line    0x00010699      0xe8c ./uart-driver/btl_driver_uart.o
 .debug_line    0x00011525     0x143b ./xmodem-uart/btl_comm_xmodem.o
 .debug_line    0x00012960      0xd2d ./xmodem-uart/btl_xmodem.o

.debug_str      0x00000000   0x14fdc8
 .debug_str     0x00000000   0x139a9b ./CMSIS/system_efr32mg21.o
                             0x139f50 (size before relaxing)
 .debug_str     0x00139a9b     0x2a79 ./core/EFR32/gcc/main_btl_startup.o
                             0x13bedd (size before relaxing)
 .debug_str     0x0013c514     0x1e7d ./core/btl_core.o
                             0x13d6ea (size before relaxing)
 .debug_str     0x0013e391     0x1c0e ./core/btl_driver_util.o
                             0x13c05c (size before relaxing)
 .debug_str     0x0013ff9f     0x4624 ./core/btl_main.o
                             0x143463 (size before relaxing)
 .debug_str     0x001445c3       0xd2 ./crc/btl_crc16.o
                               0x40c4 (size before relaxing)
 .debug_str     0x00144695      0x242 ./crc/btl_crc32.o
                             0x1399a4 (size before relaxing)
 .debug_str     0x001448d7     0x2020 ./crypto/btl_security_aes.o
                             0x143437 (size before relaxing)
 .debug_str     0x001468f7      0x29b ./crypto/btl_security_ecdsa.o
                             0x13ebaa (size before relaxing)
 .debug_str     0x00146b92      0x138 ./crypto/btl_security_sha256.o
                             0x13e687 (size before relaxing)
 .debug_str     0x00146cca      0x8c4 ./delay-driver/btl_driver_delay.o
                             0x13b4c2 (size before relaxing)
 .debug_str     0x0014758e      0x3cb ./emlib/em_gpio.o
                             0x13ab2f (size before relaxing)
 .debug_str     0x00147959     0x15fa ./emlib/em_msc.o
                             0x13be3a (size before relaxing)
 .debug_str     0x00148f53      0x486 ./emlib/em_se.o
                             0x13ad27 (size before relaxing)
 .debug_str     0x001493d9       0xb7 ./emlib/em_system.o
                             0x139c9d (size before relaxing)
 .debug_str     0x00149490     0x22e6 ./emlib/em_timer.o
                             0x13c13d (size before relaxing)
 .debug_str     0x0014b776       0xbf ./gpio-activation/btl_gpio_activation.o
                             0x13e29b (size before relaxing)
 .debug_str     0x0014b835      0x201 ./mbedtls/se_aes.o
                             0x13f3fe (size before relaxing)
 .debug_str     0x0014ba36      0x11c ./mbedtls/se_management.o
                             0x13f076 (size before relaxing)
 .debug_str     0x0014bb52      0x248 ./mbedtls/se_sha.o
                             0x13eb3b (size before relaxing)
 .debug_str     0x0014bd9a      0x2f4 ./mbedtls/shax.o
                             0x13ec05 (size before relaxing)
 .debug_str     0x0014c08e      0x130 ./parser/btl_gbl_custom_tags.o
                             0x13de35 (size before relaxing)
 .debug_str     0x0014c1be      0x185 ./parser/btl_image_parser.o
                             0x13de58 (size before relaxing)
 .debug_str     0x0014c343      0x179 ./token-management/btl_security_tokens.o
                             0x13e7d5 (size before relaxing)
 .debug_str     0x0014c4bc     0x34f9 ./uart-driver/btl_driver_uart.o
                             0x143681 (size before relaxing)
 .debug_str     0x0014f9b5      0x365 ./xmodem-uart/btl_comm_xmodem.o
                             0x143bc2 (size before relaxing)
 .debug_str     0x0014fd1a       0xae ./xmodem-uart/btl_xmodem.o
                             0x13dc6d (size before relaxing)

.debug_frame    0x00000000      0xff8
 .debug_frame   0x00000000      0x108 ./CMSIS/system_efr32mg21.o
 .debug_frame   0x00000108       0x38 ./core/EFR32/gcc/main_btl_startup.o
 .debug_frame   0x00000140       0x30 ./core/btl_core.o
 .debug_frame   0x00000170       0x44 ./core/btl_driver_util.o
 .debug_frame   0x000001b4       0x6c ./core/btl_main.o
 .debug_frame   0x00000220       0x3c ./crc/btl_crc16.o
 .debug_frame   0x0000025c       0x2c ./crc/btl_crc32.o
 .debug_frame   0x00000288       0x8c ./crypto/btl_security_aes.o
 .debug_frame   0x00000314       0x40 ./crypto/btl_security_ecdsa.o
 .debug_frame   0x00000354       0x64 ./crypto/btl_security_sha256.o
 .debug_frame   0x000003b8       0x6c ./delay-driver/btl_driver_delay.o
 .debug_frame   0x00000424       0x7c ./emlib/em_gpio.o
 .debug_frame   0x000004a0      0x130 ./emlib/em_msc.o
 .debug_frame   0x000005d0      0x204 ./emlib/em_se.o
 .debug_frame   0x000007d4       0x30 ./emlib/em_system.o
 .debug_frame   0x00000804       0xa8 ./emlib/em_timer.o
 .debug_frame   0x000008ac       0x30 ./gpio-activation/btl_gpio_activation.o
 .debug_frame   0x000008dc      0x154 ./mbedtls/se_aes.o
 .debug_frame   0x00000a30       0x30 ./mbedtls/se_management.o
 .debug_frame   0x00000a60       0x3c ./mbedtls/se_sha.o
 .debug_frame   0x00000a9c      0x1f8 ./mbedtls/shax.o
 .debug_frame   0x00000c94       0x30 ./parser/btl_gbl_custom_tags.o
 .debug_frame   0x00000cc4       0x90 ./parser/btl_image_parser.o
 .debug_frame   0x00000d54       0x58 ./token-management/btl_security_tokens.o
 .debug_frame   0x00000dac       0xf8 ./uart-driver/btl_driver_uart.o
 .debug_frame   0x00000ea4       0x94 ./xmodem-uart/btl_comm_xmodem.o
 .debug_frame   0x00000f38       0x4c ./xmodem-uart/btl_xmodem.o
 .debug_frame   0x00000f84       0x2c c:/siliconlabs/simplicitystudio/v4/developer/toolchains/gnu_arm/7.2_2017q4/bin/../lib/gcc/arm-none-eabi/7.2.1/../../../../arm-none-eabi/lib/thumb/v8-m.main/fpv5-sp/softfp\libc_nano.a(lib_a-memcmp.o)
 .debug_frame   0x00000fb0       0x28 c:/siliconlabs/simplicitystudio/v4/developer/toolchains/gnu_arm/7.2_2017q4/bin/../lib/gcc/arm-none-eabi/7.2.1/../../../../arm-none-eabi/lib/thumb/v8-m.main/fpv5-sp/softfp\libc_nano.a(lib_a-memcpy-stub.o)
 .debug_frame   0x00000fd8       0x20 c:/siliconlabs/simplicitystudio/v4/developer/toolchains/gnu_arm/7.2_2017q4/bin/../lib/gcc/arm-none-eabi/7.2.1/../../../../arm-none-eabi/lib/thumb/v8-m.main/fpv5-sp/softfp\libc_nano.a(lib_a-memset.o)
